Component: ARM Compiler 5.06 update 6 (build 750) Tool: armlink [4d35ed]

==============================================================================

Loading Objects.

Loading object main.o.
              definition:  __ARM_asm.debug_abbrev.1
              definition:  __asm___6_main_c_main____REV16
              definition:  __asm___6_main_c_main____REVSH
              definition:  __ARM_use_no_argv
              definition:  __ARM_grp..debug_abbrev.group.2_Am0000_lbphKItke$2_000000
              definition:  __ARM_grp..debug_info$HT_push_button.h$.2_4I0000__7nXvXSvW72_300000
              definition:  __ARM_grp..debug_info$LoRaMac.h$.2_YH5000_GdlmxMhtn6d_D20000
              definition:  __ARM_grp..debug_info$LoRaMacTypes.h$.2_M42000__cMJ4gy_vb5_o00000
              definition:  __ARM_grp..debug_info$Region.h$.2_067000_Jq9vwLAfh6c_G30000
              definition:  __ARM_grp..debug_info$bluenrg_lp.h$.2_IMA300_xxu35jwrjd7_800000
              definition:  __ARM_grp..debug_info$bluenrg_lp_hal_conf.h$.2_wa1000_nDZT4vCYh7c_300000
              definition:  __ARM_grp..debug_info$bluenrg_lpx.h$.2_kx0000_kxzo7shDq3a_300000
              definition:  __ARM_grp..debug_info$cmsis_armcc.h$.2_E42000_Mu0l7GgW2s2_R00000
              definition:  __ARM_grp..debug_info$cmsis_compiler.h$.2_ox0000_$Wi45B0duqc_300000
              definition:  __ARM_grp..debug_info$cmsis_version.h$.2_wz0000_DQ6YnhEiA0c_300000
              definition:  __ARM_grp..debug_info$compiler.h$.2_GC1000_oGj2LDjQts2_700000
              definition:  __ARM_grp..debug_info$core_cm0plus.h$.2_I2U100_WV4PLj67Whf_g10000
              definition:  __ARM_grp..debug_info$gpio.h$.2_UE0000_I9ZU8PqAf25_300000
              definition:  __ARM_grp..debug_info$hal_wrappers.h$.2_QA0000_toKKXlVLRK1_300000
              definition:  __ARM_grp..debug_info$lora-test.h$.2_oy0000_8wAZ5CvvfGf_300000
              definition:  __ARM_grp..debug_info$lora.h$.2_Yq2000_EmRsV0Bkcxb_z00000
              definition:  __ARM_grp..debug_info$lorawan_setup.h$.2_gx0000_B8dYk14vqk2_300000
              definition:  __ARM_grp..debug_info$lorawandefines.h$.2_k71000_lJRLrvVu3Za_300000
              definition:  __ARM_grp..debug_info$main.c$.2_HO2000_5zW9TIHZWVa_f00000
              definition:  __ARM_grp..debug_info$main.h$.2_wz0000_9lVwT9ZRWZ4_300000
              definition:  __ARM_grp..debug_info$mpu_armv7.h$.2_gM2000_pTW5wuaJLU3_k00000
              definition:  __ARM_grp..debug_info$radio.h$.2_8d3000_r0GWcdd3b00_L10000
              definition:  __ARM_grp..debug_info$rf_driver_hal.h$.2_XG3000_5gXV2v27yvb_j00000
              definition:  __ARM_grp..debug_info$rf_driver_hal_cortex.h$.2_4O3000_OUyz1xcMRcb_h00000
              definition:  __ARM_grp..debug_info$rf_driver_hal_def.h$.2_oY0000_fezi3$fp382_300000
              definition:  __ARM_grp..debug_info$rf_driver_hal_dma.h$.2_0fU100__9CfJvisJL6_s00000
              definition:  __ARM_grp..debug_info$rf_driver_hal_exti.h$.2_UJ2000_UGAGyRpHwBc_b00000
              definition:  __ARM_grp..debug_info$rf_driver_hal_flash.h$.2_BB7000_etUEBgpw$ub_P00000
              definition:  __ARM_grp..debug_info$rf_driver_hal_flash_ex.h$.2_4x0000_o2gQVgIONfe_300000
              definition:  __ARM_grp..debug_info$rf_driver_hal_gpio.h$.2_cZ2000_t0v3pgdjB28_b00000
              definition:  __ARM_grp..debug_info$rf_driver_hal_gpio_ex.h$.2_8o1000__5A8zMHc24e_300000
              definition:  __ARM_grp..debug_info$rf_driver_hal_power_manager.h$.2_MV1000_Jq9Gd_9qDAa_a00000
              definition:  __ARM_grp..debug_info$rf_driver_hal_pwr.h$.2_UR1000_Aw5oRgKvkVb_800000
              definition:  __ARM_grp..debug_info$rf_driver_hal_pwr_ex.h$.2_8T1000_UZwGNEuBaLe_300000
              definition:  __ARM_grp..debug_info$rf_driver_hal_rcc.h$.2_4I9000_QU3YAc$fqV3_f00000
              definition:  __ARM_grp..debug_info$rf_driver_hal_rcc_ex.h$.2_YJ2000_MqGM7UDtRR3_b00000
              definition:  __ARM_grp..debug_info$rf_driver_hal_rtc.h$.2_QHU100_8kS2ZLW$Sa2_C00000
              definition:  __ARM_grp..debug_info$rf_driver_hal_rtc_ex.h$.2_wh2000_iWNbhiAFpL6_300000
              definition:  __ARM_grp..debug_info$rf_driver_hal_spi.h$.2_IpW100_BLyK6hDT0M0_R00000
              definition:  __ARM_grp..debug_info$rf_driver_hal_spi_ex.h$.2_Mw0000_2yZew7G8Nl4_300000
              definition:  __ARM_grp..debug_info$rf_driver_hal_uart.h$.2_oB_100_oOc92TfhOD7_$00000
              definition:  __ARM_grp..debug_info$rf_driver_hal_uart_ex.h$.2_oM1000_OBhVkgNbS28_300000
              definition:  __ARM_grp..debug_info$rf_driver_ll_bus.h$.2_Ma2000_giJrrvj75a1_z00000
              definition:  __ARM_grp..debug_info$rf_driver_ll_dma.h$.2_spU100_9tC9PR57Wx1_O20000
              definition:  __ARM_grp..debug_info$rf_driver_ll_dmamux.h$.2_4HQ100_0M5wirkRo54_h00000
              definition:  __ARM_grp..debug_info$rf_driver_ll_exti.h$.2_k13000_5IMiF99Cef9_A00000
              definition:  __ARM_grp..debug_info$rf_driver_ll_pwr.h$.2_sl4000_zt8e_nDPXdc_W10000
[...]
    0x1004305c   0x1004305c   0x00000030   Code   RO         5743    i.HAL_SYSTICK_Config  rf_driver_hal_cortex.o
    0x1004308c   0x1004308c   0x00000008   Code   RO         5744    i.HAL_SYSTICK_IRQHandler  rf_driver_hal_cortex.o
    0x10043094   0x10043094   0x00000042   Code   RO         7283    i.HAL_UARTEx_DisableFifoMode  rf_driver_hal_uart_ex.o
    0x100430d6   0x100430d6   0x0000004c   Code   RO         7286    i.HAL_UARTEx_SetRxFifoThreshold  rf_driver_hal_uart_ex.o
    0x10043122   0x10043122   0x0000004a   Code   RO         7287    i.HAL_UARTEx_SetTxFifoThreshold  rf_driver_hal_uart_ex.o
    0x1004316c   0x1004316c   0x00000076   Code   RO         6763    i.HAL_UART_Init     rf_driver_hal_uart.o
    0x100431e2   0x100431e2   0x00000002   PAD
    0x100431e4   0x100431e4   0x00000048   Code   RO          294    i.HAL_UART_MspInit  uart.o
    0x1004322c   0x1004322c   0x000000f0   Code   RO         6771    i.HAL_UART_Transmit  rf_driver_hal_uart.o
    0x1004331c   0x1004331c   0x00000004   Code   RO         7357    i.HAL_VTIMER_PowerSaveLevelCheck  rf_driver_hal_power_manager.o
    0x10043320   0x10043320   0x00000018   Code   RO          752    i.HT_PB_ConfigWakeupIO  ht_push_button.o
    0x10043338   0x10043338   0x0000004c   Code   RO          753    i.HT_PB_Fsm         ht_push_button.o
    0x10043384   0x10043384   0x0000000c   Code   RO          754    i.HT_PB_GetLoraProcess  ht_push_button.o
    0x10043390   0x10043390   0x00000034   Code   RO          755    i.HT_PB_PushButtonState  ht_push_button.o
    0x100433c4   0x100433c4   0x00000018   Code   RO          756    i.HT_PB_RadioSleep  ht_push_button.o
    0x100433dc   0x100433dc   0x00000060   Code   RO          757    i.HT_PB_RxLoraState  ht_push_button.o
    0x1004343c   0x1004343c   0x00000030   Code   RO          758    i.HT_PB_SendFrameState  ht_push_button.o
    0x1004346c   0x1004346c   0x00000028   Code   RO          759    i.HT_PB_SendLoraFrame  ht_push_button.o
    0x10043494   0x10043494   0x0000000c   Code   RO          760    i.HT_PB_SetLoraProcess  ht_push_button.o
    0x100434a0   0x100434a0   0x0000000c   Code   RO          761    i.HT_PB_SetState    ht_push_button.o
    0x100434ac   0x100434ac   0x00000044   Code   RO          762    i.HT_PB_WaitForEventState  ht_push_button.o
    0x100434f0   0x100434f0   0x0000002c   Code   RO         5213    i.HW_GPIO_Init      hal_wrappers.o
    0x1004351c   0x1004351c   0x00000008   Code   RO         5215    i.HW_GPIO_Read      hal_wrappers.o
    0x10043524   0x10043524   0x0000000a   Code   RO         5217    i.HW_GPIO_Write     hal_wrappers.o
    0x1004352e   0x1004352e   0x00000004   Code   RO         5507    i.HW_GetBatteryLevel  utils.o
    0x10043532   0x10043532   0x00000002   PAD
    0x10043534   0x10043534   0x00000014   Code   RO         5508    i.HW_GetRandomSeed  utils.o
    0x10043548   0x10043548   0x00000004   Code   RO         5509    i.HW_GetTemperatureLevel  utils.o
    0x1004354c   0x1004354c   0x00000044   Code   RO         5510    i.HW_GetUniqueId    utils.o
    0x10043590   0x10043590   0x00000020   Code   RO          339    i.HW_RTC_BKUPRead   rtc.o
    0x100435b0   0x100435b0   0x00000020   Code   RO          340    i.HW_RTC_BKUPWrite  rtc.o
    0x100435d0   0x100435d0   0x00000022   Code   RO          341    i.HW_RTC_GetCalendarTime  rtc.o
    0x100435f2   0x100435f2   0x00000002   PAD
    0x100435f4   0x100435f4   0x0000009c   Code   RO          342    i.HW_RTC_GetCalendarValue  rtc.o
    0x10043690   0x10043690   0x00000004   Code   RO          343    i.HW_RTC_GetMinimumTimeout  rtc.o
    0x10043694   0x10043694   0x0000000c   Code   RO          344    i.HW_RTC_GetTimerContext  rtc.o
    0x100436a0   0x100436a0   0x0000001c   Code   RO          345    i.HW_RTC_GetTimerElapsedTime  rtc.o
    0x100436bc   0x100436bc   0x00000010   Code   RO          346    i.HW_RTC_GetTimerValue  rtc.o
    0x100436cc   0x100436cc   0x0000000c   Code   RO          347    i.HW_RTC_Init       rtc.o
    0x100436d8   0x100436d8   0x00000008   Code   RO          348    i.HW_RTC_SetAlarm   rtc.o
    0x100436e0   0x100436e0   0x00000014   Code   RO          349    i.HW_RTC_SetAlarmConfig  rtc.o
    0x100436f4   0x100436f4   0x00000018   Code   RO          350    i.HW_RTC_SetTimerContext  rtc.o
    0x1004370c   0x1004370c   0x00000124   Code   RO          351    i.HW_RTC_StartWakeUpAlarm  rtc.o
    0x10043830   0x10043830   0x00000024   Code   RO          352    i.HW_RTC_StopAlarm  rtc.o
    0x10043854   0x10043854   0x00000012   Code   RO          353    i.HW_RTC_Tick2ms    rtc.o
    0x10043866   0x10043866   0x00000010   Code   RO          354    i.HW_RTC_ms2Tick    rtc.o
    0x10043876   0x10043876   0x00000002   PAD
    0x10043878   0x10043878   0x00000020   Code   RO         5218    i.HW_SPI_InOut      hal_wrappers.o
    0x10043898   0x10043898   0x000000c4   Code   RO         1208    i.HandleRadioRxErrorTimeout  loramac.o
    0x1004395c   0x1004395c   0x00000002   Code   RO         7599    i.HardFault_IRQHandler  system_bluenrg_lp.o
    0x1004395e   0x1004395e   0x00000002   Code   RO         7600    i.I2C1_IRQHandler   system_bluenrg_lp.o
    0x10043960   0x10043960   0x00000002   Code   RO         7601    i.I2C2_IRQHandler   system_bluenrg_lp.o
    0x10043962   0x10043962   0x00000002   PAD
    0x10043964   0x10043964   0x00000050   Code   RO         7358    i.IO_IRQ_Enabled    rf_driver_hal_power_manager.o
    0x100439b4   0x100439b4   0x000000ac   Code   RO          676    i.IRQHandler_Config  gpio.o
    0x10043a60   0x10043a60   0x00000018   Code   RO         2034    i.IncreaseBufferPointer  loramacconfirmqueue.o
    0x10043a78   0x10043a78   0x00000018   Code   RO         1209    i.IsRequestPending  loramac.o
    0x10043a90   0x10043a90   0x00000018   Code   RO         1903    i.IsSlotFree        loramaccommands.o
    0x10043aa8   0x10043aa8   0x00000014   Code   RO         1904    i.IsSticky          loramaccommands.o
    0x10043abc   0x10043abc   0x00000018   Code   RO          677    i.LL_AHB_EnableClock  gpio.o
    0x10043ad4   0x10043ad4   0x00000018   Code   RO         5219    i.LL_AHB_EnableClock  hal_wrappers.o
    0x10043aec   0x10043aec   0x00000014   Code   RO         7359    i.LL_AHB_IsEnabledClock  rf_driver_hal_power_manager.o
    0x10043b00   0x10043b00   0x00000014   Code   RO         7360    i.LL_APB0_IsEnabledClock  rf_driver_hal_power_manager.o
    0x10043b14   0x10043b14   0x00000014   Code   RO         7361    i.LL_APB1_IsEnabledClock  rf_driver_hal_power_manager.o
    0x10043b28   0x10043b28   0x00000018   Code   RO         7362    i.LL_APB2_EnableClock  rf_driver_hal_power_manager.o
    0x10043b40   0x10043b40   0x00000014   Code   RO         7363    i.LL_APB2_IsEnabledClock  rf_driver_hal_power_manager.o
    0x10043b54   0x10043b54   0x00000012   Code   RO         5936    i.LL_EXTI_IsInterruptPending  rf_driver_hal_exti.o
    0x10043b66   0x10043b66   0x0000005e   Code   RO         5937    i.LL_EXTI_SetTrigger  rf_driver_hal_exti.o
    0x10043bc4   0x10043bc4   0x00000010   Code   RO         7364    i.LL_PWR_ClearWakeupSource  rf_driver_hal_power_manager.o
    0x10043bd4   0x10043bd4   0x00000014   Code   RO          678    i.LL_PWR_EnablePDA  gpio.o
    0x10043be8   0x10043be8   0x00000014   Code   RO          679    i.LL_PWR_EnablePDB  gpio.o
    0x10043bfc   0x10043bfc   0x00000014   Code   RO          680    i.LL_PWR_EnablePUA  gpio.o
    0x10043c10   0x10043c10   0x00000014   Code   RO          681    i.LL_PWR_EnablePUB  gpio.o
    0x10043c24   0x10043c24   0x00000018   Code   RO         7366    i.LL_PWR_EnableWakeupSource  rf_driver_hal_power_manager.o
    0x10043c3c   0x10043c3c   0x00000014   Code   RO         7367    i.LL_PWR_GetWakeupSource  rf_driver_hal_power_manager.o
    0x10043c50   0x10043c50   0x0000002c   Code   RO         7368    i.LL_PWR_SetWakeupIOPolarity  rf_driver_hal_power_manager.o
    0x10043c7c   0x10043c7c   0x00000024   Code   RO         7369    i.LL_RCC_DIRECT_HSE_Disable  rf_driver_hal_power_manager.o
    0x10043ca0   0x10043ca0   0x00000030   Code   RO         7370    i.LL_RCC_DIRECT_HSE_Enable  rf_driver_hal_power_manager.o
    0x10043cd0   0x10043cd0   0x0000001c   Code   RO         7371    i.LL_RCC_DIRECT_HSE_IsEnabled  rf_driver_hal_power_manager.o
    0x10043cec   0x10043cec   0x00000014   Code   RO         7372    i.LL_RCC_RC64MPLL_Disable  rf_driver_hal_power_manager.o
    0x10043d00   0x10043d00   0x00000014   Code   RO         7602    i.LL_RCC_SetRC64MPLLPrescaler  system_bluenrg_lp.o
    0x10043d14   0x10043d14   0x00000014   Code   RO         7603    i.LL_RCC_SetRFClockSource  system_bluenrg_lp.o
    0x10043d28   0x10043d28   0x00000048   Code   RO          482    i.LORAWAN_init      lorawan_setup.o
    0x10043d70   0x10043d70   0x00000018   Code   RO          483    i.LORAWAN_tick      lorawan_setup.o
    0x10043d88   0x10043d88   0x00000044   Code   RO          484    i.LORA_ConfirmClass  lorawan_setup.o
    0x10043dcc   0x10043dcc   0x0000000a   Code   RO          485    i.LORA_HasJoined    lorawan_setup.o
    0x10043dd6   0x10043dd6   0x00000002   PAD
    0x10043dd8   0x10043dd8   0x00000250   Code   RO          832    i.LORA_Init         lora.o
    0x10044028   0x10044028   0x000000bc   Code   RO          833    i.LORA_Join         lora.o
    0x100440e4   0x100440e4   0x00000022   Code   RO          834    i.LORA_JoinStatus   lora.o
    0x10044106   0x10044106   0x00000002   PAD
    0x10044108   0x10044108   0x00000088   Code   RO          835    i.LORA_RequestClass  lora.o
    0x10044190   0x10044190   0x00000038   Code   RO          486    i.LORA_RxData       lorawan_setup.o
    0x100441c8   0x100441c8   0x00000018   Code   RO          487    i.LORA_TxNeeded     lorawan_setup.o
    0x100441e0   0x100441e0   0x00000088   Code   RO          836    i.LORA_send         lora.o
    0x10044268   0x10044268   0x00000002   Code   RO         7604    i.LPUART1_IRQHandler  system_bluenrg_lp.o
    0x1004426a   0x1004426a   0x00000002   PAD
    0x1004426c   0x1004426c   0x00000058   Code   RO         7605    i.LSConfig          system_bluenrg_lp.o
    0x100442c4   0x100442c4   0x00000008   Code   RO         2579    i.LimitTxPower      regionas923.o
    0x100442cc   0x100442cc   0x00000008   Code   RO         2765    i.LimitTxPower      regionau915.o
    0x100442d4   0x100442d4   0x00000008   Code   RO         2949    i.LimitTxPower      regioncn470.o
    0x100442dc   0x100442dc   0x00000008   Code   RO         3132    i.LimitTxPower      regioncn779.o
    0x100442e4   0x100442e4   0x00000008   Code   RO         3430    i.LimitTxPower      regioneu433.o
    0x100442ec   0x100442ec   0x00000008   Code   RO         3613    i.LimitTxPower      regioneu868.o
    0x100442f4   0x100442f4   0x00000008   Code   RO         3980    i.LimitTxPower      regionkr920.o
    0x100442fc   0x100442fc   0x00000008   Code   RO         4167    i.LimitTxPower      regionru864.o
    0x10044304   0x10044304   0x00000036   Code   RO         4352    i.LimitTxPower      regionus915.o
    0x1004433a   0x1004433a   0x00000026   Code   RO         1905    i.LinkedListAdd     loramaccommands.o
    0x10044360   0x10044360   0x00000024   Code   RO         1906    i.LinkedListGetPrevious  loramaccommands.o
    0x10044384   0x10044384   0x00000012   Code   RO         1907    i.LinkedListInit    loramaccommands.o
    0x10044396   0x10044396   0x0000003a   Code   RO         1908    i.LinkedListRemove  loramaccommands.o
    0x100443d0   0x100443d0   0x00000012   Code   RO         1657    i.LoRaMacAdrCalcNext  loramacadr.o
    0x100443e2   0x100443e2   0x00000002   PAD
    0x100443e4   0x100443e4   0x00000034   Code   RO         1212    i.LoRaMacCheckForBeaconAcquisition  loramac.o
    0x10044418   0x10044418   0x00000018   Code   RO         1213    i.LoRaMacCheckForRxAbort  loramac.o
    0x10044430   0x10044430   0x00000004   Code   RO         1687    i.LoRaMacClassBBeaconFreqReq  loramacclassb.o
    0x10044434   0x10044434   0x00000002   Code   RO         1688    i.LoRaMacClassBBeaconTimerEvent  loramacclassb.o
    0x10044436   0x10044436   0x00000002   Code   RO         1689    i.LoRaMacClassBBeaconTimingAns  loramacclassb.o
    0x10044438   0x10044438   0x00000002   Code   RO         1690    i.LoRaMacClassBDeviceTimeAns  loramacclassb.o
    0x1004443a   0x1004443a   0x00000008   Code   RO         1691    i.LoRaMacClassBGetNvmCtx  loramacclassb.o
    0x10044442   0x10044442   0x00000002   Code   RO         1692    i.LoRaMacClassBHaltBeaconing  loramacclassb.o
    0x10044444   0x10044444   0x00000002   Code   RO         1693    i.LoRaMacClassBInit  loramacclassb.o
    0x10044446   0x10044446   0x00000004   Code   RO         1694    i.LoRaMacClassBIsAcquisitionInProgress  loramacclassb.o
    0x1004444a   0x1004444a   0x00000004   Code   RO         1696    i.LoRaMacClassBIsBeaconExpected  loramacclassb.o
    0x1004444e   0x1004444e   0x00000004   Code   RO         1697    i.LoRaMacClassBIsBeaconModeActive  loramacclassb.o
    0x10044452   0x10044452   0x00000004   Code   RO         1698    i.LoRaMacClassBIsMulticastExpected  loramacclassb.o
    0x10044456   0x10044456   0x00000004   Code   RO         1699    i.LoRaMacClassBIsPingExpected  loramacclassb.o
    0x1004445a   0x1004445a   0x00000004   Code   RO         1700    i.LoRaMacClassBIsUplinkCollision  loramacclassb.o
    0x1004445e   0x1004445e   0x00000004   Code   RO         1701    i.LoRaMacClassBMibGetRequestConfirm  loramacclassb.o
    0x10044462   0x10044462   0x00000002   Code   RO         1702    i.LoRaMacClassBMulticastSlotTimerEvent  loramacclassb.o
    0x10044464   0x10044464   0x00000004   Code   RO         1703    i.LoRaMacClassBPingSlotChannelReq  loramacclassb.o
    0x10044468   0x10044468   0x00000002   Code   RO         1704    i.LoRaMacClassBPingSlotInfoAns  loramacclassb.o
    0x1004446a   0x1004446a   0x00000002   Code   RO         1705    i.LoRaMacClassBPingSlotTimerEvent  loramacclassb.o
    0x1004446c   0x1004446c   0x00000002   Code   RO         1706    i.LoRaMacClassBProcess  loramacclassb.o
    0x1004446e   0x1004446e   0x00000004   Code   RO         1707    i.LoRaMacClassBRestoreNvmCtx  loramacclassb.o
    0x10044472   0x10044472   0x00000002   Code   RO         1708    i.LoRaMacClassBResumeBeaconing  loramacclassb.o
    0x10044474   0x10044474   0x00000004   Code   RO         1709    i.LoRaMacClassBRxBeacon  loramacclassb.o
    0x10044478   0x10044478   0x00000002   Code   RO         1710    i.LoRaMacClassBSetBeaconState  loramacclassb.o
    0x1004447a   0x1004447a   0x00000002   Code   RO         1712    i.LoRaMacClassBSetMulticastSlotState  loramacclassb.o
    0x1004447c   0x1004447c   0x00000002   Code   RO         1713    i.LoRaMacClassBSetPingSlotInfo  loramacclassb.o
    0x1004447e   0x1004447e   0x00000002   Code   RO         1714    i.LoRaMacClassBSetPingSlotState  loramacclassb.o
    0x10044480   0x10044480   0x00000002   Code   RO         1716    i.LoRaMacClassBStopRxSlots  loramacclassb.o
    0x10044482   0x10044482   0x00000004   Code   RO         1717    i.LoRaMacClassBSwitchClass  loramacclassb.o
    0x10044486   0x10044486   0x00000002   PAD
    0x10044488   0x10044488   0x00000070   Code   RO         1909    i.LoRaMacCommandsAddCmd  loramaccommands.o
    0x100444f8   0x100444f8   0x0000000c   Code   RO         1911    i.LoRaMacCommandsGetNvmCtx  loramaccommands.o
    0x10044504   0x10044504   0x00000018   Code   RO         1912    i.LoRaMacCommandsGetSizeSerializedCmds  loramaccommands.o
    0x1004451c   0x1004451c   0x00000024   Code   RO         1913    i.LoRaMacCommandsInit  loramaccommands.o
    0x10044540   0x10044540   0x00000044   Code   RO         1914    i.LoRaMacCommandsRemoveCmd  loramaccommands.o
    0x10044584   0x10044584   0x0000002c   Code   RO         1915    i.LoRaMacCommandsRemoveNoneStickyCmds  loramaccommands.o
    0x100445b0   0x100445b0   0x00000040   Code   RO         1916    i.LoRaMacCommandsRemoveStickyAnsCmds  loramaccommands.o
    0x100445f0   0x100445f0   0x0000001c   Code   RO         1917    i.LoRaMacCommandsRestoreNvmCtx  loramaccommands.o
    0x1004460c   0x1004460c   0x0000004c   Code   RO         1918    i.LoRaMacCommandsSerializeCmds  loramaccommands.o
    0x10044658   0x10044658   0x00000030   Code   RO         1919    i.LoRaMacCommandsStickyCmdsPending  loramaccommands.o
    0x10044688   0x10044688   0x00000038   Code   RO         2035    i.LoRaMacConfirmQueueAdd  loramacconfirmqueue.o
    0x100446c0   0x100446c0   0x0000000c   Code   RO         2036    i.LoRaMacConfirmQueueGetCnt  loramacconfirmqueue.o
    0x100446cc   0x100446cc   0x0000000c   Code   RO         2037    i.LoRaMacConfirmQueueGetNvmCtx  loramacconfirmqueue.o
    0x100446d8   0x100446d8   0x00000024   Code   RO         2038    i.LoRaMacConfirmQueueGetStatus  loramacconfirmqueue.o
    0x100446fc   0x100446fc   0x00000054   Code   RO         2040    i.LoRaMacConfirmQueueHandleCb  loramacconfirmqueue.o
    0x10044750   0x10044750   0x0000002c   Code   RO         2041    i.LoRaMacConfirmQueueInit  loramacconfirmqueue.o
    0x1004477c   0x1004477c   0x0000001c   Code   RO         2042    i.LoRaMacConfirmQueueIsCmdActive  loramacconfirmqueue.o
    0x10044798   0x10044798   0x00000018   Code   RO         2043    i.LoRaMacConfirmQueueIsFull  loramacconfirmqueue.o
    0x100447b0   0x100447b0   0x00000024   Code   RO         2044    i.LoRaMacConfirmQueueRemoveFirst  loramacconfirmqueue.o
    0x100447d4   0x100447d4   0x0000001c   Code   RO         2046    i.LoRaMacConfirmQueueRestoreNvmCtx  loramacconfirmqueue.o
    0x100447f0   0x100447f0   0x0000002c   Code   RO         2047    i.LoRaMacConfirmQueueSetStatus  loramacconfirmqueue.o
    0x1004481c   0x1004481c   0x00000030   Code   RO         2048    i.LoRaMacConfirmQueueSetStatusCmn  loramacconfirmqueue.o
    0x1004484c   0x1004484c   0x0000004c   Code   RO         2153    i.LoRaMacCryptoDeriveMcKEKey  loramaccrypto.o
    0x10044898   0x10044898   0x00000068   Code   RO         2154    i.LoRaMacCryptoDeriveMcRootKey  loramaccrypto.o
    0x10044900   0x10044900   0x00000078   Code   RO         2156    i.LoRaMacCryptoGetFCntDown  loramaccrypto.o
    0x10044978   0x10044978   0x0000001c   Code   RO         2157    i.LoRaMacCryptoGetFCntUp  loramaccrypto.o
    0x10044994   0x10044994   0x0000000c   Code   RO         2158    i.LoRaMacCryptoGetNvmCtx  loramaccrypto.o
    0x100449a0   0x100449a0   0x00000184   Code   RO         2159    i.LoRaMacCryptoHandleJoinAccept  loramaccrypto.o
    0x10044b24   0x10044b24   0x00000040   Code   RO         2160    i.LoRaMacCryptoInit  loramaccrypto.o
    0x10044b64   0x10044b64   0x00000068   Code   RO         2161    i.LoRaMacCryptoPrepareJoinRequest  loramaccrypto.o
    0x10044bcc   0x10044bcc   0x0000001c   Code   RO         2164    i.LoRaMacCryptoRestoreNvmCtx  loramaccrypto.o
    0x10044be8   0x10044be8   0x00000094   Code   RO         2165    i.LoRaMacCryptoSecureMessage  loramaccrypto.o
    0x10044c7c   0x10044c7c   0x0000003a   Code   RO         2166    i.LoRaMacCryptoSetKey  loramaccrypto.o
    0x10044cb6   0x10044cb6   0x00000002   PAD
    0x10044cb8   0x10044cb8   0x00000014   Code   RO         2167    i.LoRaMacCryptoSetLrWanVersion  loramaccrypto.o
    0x10044ccc   0x10044ccc   0x00000028   Code   RO         2168    i.LoRaMacCryptoSetMulticastReference  loramaccrypto.o
    0x10044cf4   0x10044cf4   0x000000b0   Code   RO         2169    i.LoRaMacCryptoUnsecureMessage  loramaccrypto.o
    0x10044da4   0x10044da4   0x0000000c   Code   RO         1214    i.LoRaMacEnableRequests  loramac.o
    0x10044db0   0x10044db0   0x00000064   Code   RO         1215    i.LoRaMacHandleIndicationEvents  loramac.o
    0x10044e14   0x10044e14   0x000000ac   Code   RO         1216    i.LoRaMacHandleIrqEvents  loramac.o
    0x10044ec0   0x10044ec0   0x00000094   Code   RO         1217    i.LoRaMacHandleMcpsRequest  loramac.o
    0x10044f54   0x10044f54   0x00000054   Code   RO         1218    i.LoRaMacHandleMlmeRequest  loramac.o
    0x10044fa8   0x10044fa8   0x00000078   Code   RO         1219    i.LoRaMacHandleRequestEvents  loramac.o
    0x10045020   0x10045020   0x00000024   Code   RO         1220    i.LoRaMacHandleScheduleUplinkEvent  loramac.o
    0x10045044   0x10045044   0x000003e4   Code   RO         1221    i.LoRaMacInitialization  loramac.o
    0x10045428   0x10045428   0x00000030   Code   RO         1222    i.LoRaMacIsBusy     loramac.o
    0x10045458   0x10045458   0x000001c8   Code   RO         1227    i.LoRaMacMcpsRequest  loramac.o
    0x10045620   0x10045620   0x00000004   Code   RO         1718    i.LoRaMacMibClassBSetRequestConfirm  loramacclassb.o
    0x10045624   0x10045624   0x00000160   Code   RO         1228    i.LoRaMacMibGetRequestConfirm  loramac.o
    0x10045784   0x10045784   0x00000552   Code   RO         1229    i.LoRaMacMibSetRequestConfirm  loramac.o
    0x10045cd6   0x10045cd6   0x00000002   PAD
    0x10045cd8   0x10045cd8   0x000001d0   Code   RO         1230    i.LoRaMacMlmeRequest  loramac.o
    0x10045ea8   0x10045ea8   0x000000ae   Code   RO         2324    i.LoRaMacParserData  loramacparser.o
    0x10045f56   0x10045f56   0x000000a4   Code   RO         2325    i.LoRaMacParserJoinAccept  loramacparser.o
    0x10045ffa   0x10045ffa   0x00000002   PAD
    0x10045ffc   0x10045ffc   0x0000005c   Code   RO         1231    i.LoRaMacProcess    loramac.o
    0x10046058   0x10046058   0x000000b4   Code   RO         1232    i.LoRaMacQueryTxPossible  loramac.o
    0x1004610c   0x1004610c   0x000000de   Code   RO         2350    i.LoRaMacSerializerData  loramacserializer.o
    0x100461ea   0x100461ea   0x0000006e   Code   RO         2351    i.LoRaMacSerializerJoinRequest  loramacserializer.o
    0x10046258   0x10046258   0x0000000c   Code   RO         1233    i.LoRaMacStart      loramac.o
    0x10046264   0x10046264   0x00000028   Code   RO         1235    i.LoRaMacTestSetDutyCycleOn  loramac.o
    0x1004628c   0x1004628c   0x0000000c   Code   RO          488    i.LoraMacProcessNotify  lorawan_setup.o
    0x10046298   0x10046298   0x00000002   Code   RO         7606    i.MR_BLE_IRQHandler  system_bluenrg_lp.o
    0x1004629a   0x1004629a   0x00000002   PAD
    0x1004629c   0x1004629c   0x00000088   Code   RO          682    i.MX_GPIO_Init      gpio.o
    0x10046324   0x10046324   0x000000ce   Code   RO          683    i.MX_GPIO_LP_Init   gpio.o
    0x100463f2   0x100463f2   0x00000002   PAD
    0x100463f4   0x100463f4   0x00000140   Code   RO          355    i.MX_RTC_Init       rtc.o
    0x10046534   0x10046534   0x00000064   Code   RO          254    i.MX_SPI1_Init      spi.o
    0x10046598   0x10046598   0x0000010c   Code   RO          295    i.MX_USART1_UART_Init  uart.o
    0x100466a4   0x100466a4   0x00000030   Code   RO         1920    i.MallocNewMacCommandSlot  loramaccommands.o
    0x100466d4   0x100466d4   0x00000010   Code   RO          837    i.McpsConfirm       lora.o
    0x100466e4   0x100466e4   0x000000f8   Code   RO          838    i.McpsIndication    lora.o
    0x100467dc   0x100467dc   0x00000038   Code   RO          839    i.MlmeConfirm       lora.o
    0x10046814   0x10046814   0x00000014   Code   RO          840    i.MlmeIndication    lora.o
    0x10046828   0x10046828   0x000001a8   Code   RO         7607    i.MrBleBiasTrimConfig  system_bluenrg_lp.o
    0x100469d0   0x100469d0   0x00000002   Code   RO         7608    i.NMI_IRQHandler    system_bluenrg_lp.o
    0x100469d2   0x100469d2   0x00000002   PAD
    0x100469d4   0x100469d4   0x00000010   Code   RO         1921    i.NvmCtxCallback    loramaccommands.o
    0x100469e4   0x100469e4   0x00000044   Code   RO         1236    i.OnAckTimeoutTimerEvent  loramac.o
    0x10046a28   0x10046a28   0x0000003c   Code   RO          923    i.OnCertifTxNextPacketTimerEvent  lora-test.o
    0x10046a64   0x10046a64   0x00000054   Code   RO         1237    i.OnRadioRxDone     loramac.o
    0x10046ab8   0x10046ab8   0x00000024   Code   RO         1238    i.OnRadioRxError    loramac.o
    0x10046adc   0x10046adc   0x00000034   Code   RO         1239    i.OnRadioRxTimeout  loramac.o
    0x10046b10   0x10046b10   0x00000044   Code   RO         1240    i.OnRadioTxDone     loramac.o
    0x10046b54   0x10046b54   0x00000024   Code   RO         1241    i.OnRadioTxTimeout  loramac.o
    0x10046b78   0x10046b78   0x00000048   Code   RO         1242    i.OnRxWindow1TimerEvent  loramac.o
    0x10046bc0   0x10046bc0   0x0000007c   Code   RO         1243    i.OnRxWindow2TimerEvent  loramac.o
    0x10046c3c   0x10046c3c   0x00000050   Code   RO         1244    i.OnTxDelayedTimerEvent  loramac.o
    0x10046c8c   0x10046c8c   0x00000044   Code   RO          489    i.OnTxTimerEvent    lorawan_setup.o
    0x10046cd0   0x10046cd0   0x0000003c   Code   RO         1245    i.OpenContinuousRxCWindow  loramac.o
    0x10046d0c   0x10046d0c   0x00000004   Code   RO         7373    i.PKAMGR_PowerSaveLevelCheck  rf_driver_hal_power_manager.o
    0x10046d10   0x10046d10   0x00000002   Code   RO         7609    i.PKA_IRQHandler    system_bluenrg_lp.o
    0x10046d12   0x10046d12   0x00000002   Code   RO         7610    i.PVD_IRQHandler    system_bluenrg_lp.o
    0x10046d14   0x10046d14   0x000000a0   Code   RO         2170    i.PayloadEncrypt    loramaccrypto.o
    0x10046db4   0x10046db4   0x00000002   Code   RO          577    i.PendSV_IRQHandler  bluenrg_lp_it.o
    0x10046db6   0x10046db6   0x00000002   PAD
    0x10046db8   0x10046db8   0x00000814   Code   RO         7374    i.PowerSave_Setup   rf_driver_hal_power_manager.o
    0x100475cc   0x100475cc   0x00000060   Code   RO         2171    i.PrepareB0         loramaccrypto.o
    0x1004762c   0x1004762c   0x00000190   Code   RO         1246    i.PrepareFrame      loramac.o
    0x100477bc   0x100477bc   0x00000038   Code   RO         1247    i.PrepareRxDoneAbort  loramac.o
    0x100477f4   0x100477f4   0x00000690   Code   RO         1248    i.ProcessMacCommands  loramac.o
    0x10047e84   0x10047e84   0x0000061c   Code   RO         1249    i.ProcessRadioRxDone  loramac.o
    0x100484a0   0x100484a0   0x0000000c   Code   RO         1250    i.ProcessRadioRxError  loramac.o
    0x100484ac   0x100484ac   0x0000000c   Code   RO         1251    i.ProcessRadioRxTimeout  loramac.o
    0x100484b8   0x100484b8   0x000000fc   Code   RO         1252    i.ProcessRadioTxDone  loramac.o
    0x100485b4   0x100485b4   0x00000048   Code   RO         1253    i.ProcessRadioTxTimeout  loramac.o
    0x100485fc   0x100485fc   0x00000002   Code   RO         7612    i.RADIO_CTRL_IRQHandler  system_bluenrg_lp.o
    0x100485fe   0x100485fe   0x00000002   Code   RO         7613    i.RCC_IRQHandler    system_bluenrg_lp.o
    0x10048600   0x10048600   0x00000020   Code   RO         7614    i.RESET_HANDLER     system_bluenrg_lp.o
    0x10048620   0x10048620   0x00000010   Code   RO         6263    i.RTC_Bcd2ToByte    rf_driver_hal_rtc.o
    0x10048630   0x10048630   0x00000016   Code   RO         6264    i.RTC_ByteToBcd2    rf_driver_hal_rtc.o
    0x10048646   0x10048646   0x00000038   Code   RO         6265    i.RTC_EnterInitMode  rf_driver_hal_rtc.o
    0x1004867e   0x1004867e   0x00000008   Code   RO          578    i.RTC_IRQHandler    bluenrg_lp_it.o
    0x10048686   0x10048686   0x00000004   Code   RO         4540    i.RadioCheckRfFrequency  radio.o
    0x1004868a   0x1004868a   0x00000002   PAD
    0x1004868c   0x1004868c   0x0000009c   Code   RO         7616    i.RadioClockConfig  system_bluenrg_lp.o
    0x10048728   0x10048728   0x00000038   Code   RO         4541    i.RadioGetFskBandwidthRegValue  radio.o
    0x10048760   0x10048760   0x00000022   Code   RO         4542    i.RadioGetStatus    radio.o
    0x10048782   0x10048782   0x0000000a   Code   RO         4543    i.RadioGetWakeupTime  radio.o
    0x1004878c   0x1004878c   0x00000068   Code   RO         4544    i.RadioInit         radio.o
    0x100487f4   0x100487f4   0x000001d0   Code   RO         4545    i.RadioIrqProcess   radio.o
    0x100489c4   0x100489c4   0x0000005a   Code   RO         4546    i.RadioIsChannelFree  radio.o
    0x10048a1e   0x10048a1e   0x00000002   PAD
    0x10048a20   0x10048a20   0x00000014   Code   RO         4547    i.RadioOnDioIrq     radio.o
    0x10048a34   0x10048a34   0x0000002c   Code   RO         4548    i.RadioOnRxTimeoutIrq  radio.o
    0x10048a60   0x10048a60   0x00000018   Code   RO         4549    i.RadioOnTxTimeoutIrq  radio.o
    0x10048a78   0x10048a78   0x0000002a   Code   RO         4550    i.RadioRandom       radio.o
    0x10048aa2   0x10048aa2   0x00000008   Code   RO         4551    i.RadioRead         radio.o
    0x10048aaa   0x10048aaa   0x00000008   Code   RO         4552    i.RadioReadBuffer   radio.o
    0x10048ab2   0x10048ab2   0x00000008   Code   RO         4554    i.RadioRssi         radio.o
    0x10048aba   0x10048aba   0x00000002   PAD
    0x10048abc   0x10048abc   0x00000078   Code   RO         4555    i.RadioRx           radio.o
    0x10048b34   0x10048b34   0x00000070   Code   RO         4556    i.RadioRxBoosted    radio.o
    0x10048ba4   0x10048ba4   0x00000058   Code   RO         4557    i.RadioSend         radio.o
    0x10048bfc   0x10048bfc   0x00000008   Code   RO         4558    i.RadioSetChannel   radio.o
    0x10048c04   0x10048c04   0x00000030   Code   RO         4559    i.RadioSetMaxPayloadLength  radio.o
    0x10048c34   0x10048c34   0x00000030   Code   RO         4560    i.RadioSetModem     radio.o
    0x10048c64   0x10048c64   0x00000040   Code   RO         4561    i.RadioSetPublicNetwork  radio.o
    0x10048ca4   0x10048ca4   0x00000250   Code   RO         4562    i.RadioSetRxConfig  radio.o
    0x10048ef4   0x10048ef4   0x00000008   Code   RO         4563    i.RadioSetRxDutyCycle  radio.o
    0x10048efc   0x10048efc   0x00000178   Code   RO         4564    i.RadioSetTxConfig  radio.o
    0x10049074   0x10049074   0x00000030   Code   RO         4565    i.RadioSetTxContinuousWave  radio.o
    0x100490a4   0x100490a4   0x0000001e   Code   RO         4566    i.RadioSleep        radio.o
    0x100490c2   0x100490c2   0x0000000a   Code   RO         4567    i.RadioStandby      radio.o
    0x100490cc   0x100490cc   0x00000008   Code   RO         4568    i.RadioStartCad     radio.o
    0x100490d4   0x100490d4   0x0000019c   Code   RO         4569    i.RadioTimeOnAir    radio.o
    0x10049270   0x10049270   0x00000008   Code   RO         4571    i.RadioWrite        radio.o
    0x10049278   0x10049278   0x00000008   Code   RO         4572    i.RadioWriteBuffer  radio.o
    0x10049280   0x10049280   0x00000004   Code   RO         2580    i.RegionAS923AlternateDr  regionas923.o
    0x10049284   0x10049284   0x00000088   Code   RO         2581    i.RegionAS923ApplyCFList  regionas923.o
    0x1004930c   0x1004930c   0x00000030   Code   RO         2582    i.RegionAS923ApplyDrOffset  regionas923.o
    0x1004933c   0x1004933c   0x00000034   Code   RO         2583    i.RegionAS923CalcBackOff  regionas923.o
    0x10049370   0x10049370   0x00000030   Code   RO         2584    i.RegionAS923ChanMaskSet  regionas923.o
    0x100493a0   0x100493a0   0x000000a8   Code   RO         2585    i.RegionAS923ChannelAdd  regionas923.o
    0x10049448   0x10049448   0x0000002c   Code   RO         2586    i.RegionAS923ChannelsRemove  regionas923.o
    0x10049474   0x10049474   0x00000068   Code   RO         2587    i.RegionAS923ComputeRxWindowParameters  regionas923.o
    0x100494dc   0x100494dc   0x00000038   Code   RO         2588    i.RegionAS923DlChannelReq  regionas923.o
    0x10049514   0x10049514   0x0000000c   Code   RO         2589    i.RegionAS923GetNvmCtx  regionas923.o
    0x10049520   0x10049520   0x0000018c   Code   RO         2590    i.RegionAS923GetPhyParam  regionas923.o
    0x100496ac   0x100496ac   0x000000b4   Code   RO         2591    i.RegionAS923InitDefaults  regionas923.o
    0x10049760   0x10049760   0x00000144   Code   RO         2592    i.RegionAS923LinkAdrReq  regionas923.o
    0x100498a4   0x100498a4   0x0000004e   Code   RO         2593    i.RegionAS923NewChannelReq  regionas923.o
    0x100498f2   0x100498f2   0x00000002   PAD
    0x100498f4   0x100498f4   0x00000100   Code   RO         2594    i.RegionAS923NextChannel  regionas923.o
    0x100499f4   0x100499f4   0x00000114   Code   RO         2596    i.RegionAS923RxConfig  regionas923.o
    0x10049b08   0x10049b08   0x0000003e   Code   RO         2597    i.RegionAS923RxParamSetupReq  regionas923.o
    0x10049b46   0x10049b46   0x00000002   PAD
    0x10049b48   0x10049b48   0x00000024   Code   RO         2598    i.RegionAS923SetBandTxDone  regionas923.o
    0x10049b6c   0x10049b6c   0x00000050   Code   RO         2599    i.RegionAS923SetContinuousWave  regionas923.o
    0x10049bbc   0x10049bbc   0x00000110   Code   RO         2600    i.RegionAS923TxConfig  regionas923.o
    0x10049ccc   0x10049ccc   0x00000004   Code   RO         2601    i.RegionAS923TxParamSetupReq  regionas923.o
    0x10049cd0   0x10049cd0   0x000000c2   Code   RO         2602    i.RegionAS923Verify  regionas923.o
    0x10049d92   0x10049d92   0x00000002   PAD
    0x10049d94   0x10049d94   0x00000024   Code   RO         2766    i.RegionAU915AlternateDr  regionau915.o
    0x10049db8   0x10049db8   0x00000060   Code   RO         2767    i.RegionAU915ApplyCFList  regionau915.o
    0x10049e18   0x10049e18   0x00000020   Code   RO         2768    i.RegionAU915ApplyDrOffset  regionau915.o
    0x10049e38   0x10049e38   0x00000038   Code   RO         2769    i.RegionAU915CalcBackOff  regionau915.o
    0x10049e70   0x10049e70   0x00000060   Code   RO         2770    i.RegionAU915ChanMaskSet  regionau915.o
    0x10049ed0   0x10049ed0   0x00000058   Code   RO         2773    i.RegionAU915ComputeRxWindowParameters  regionau915.o
    0x10049f28   0x10049f28   0x00000004   Code   RO         2774    i.RegionAU915DlChannelReq  regionau915.o
    0x10049f2c   0x10049f2c   0x00000010   Code   RO         2775    i.RegionAU915GetNvmCtx  regionau915.o
    0x10049f3c   0x10049f3c   0x0000018c   Code   RO         2776    i.RegionAU915GetPhyParam  regionau915.o
    0x1004a0c8   0x1004a0c8   0x00000104   Code   RO         2777    i.RegionAU915InitDefaults  regionau915.o
    0x1004a1cc   0x1004a1cc   0x0000020c   Code   RO         2778    i.RegionAU915LinkAdrReq  regionau915.o
    0x1004a3d8   0x1004a3d8   0x00000004   Code   RO         2779    i.RegionAU915NewChannelReq  regionau915.o
    0x1004a3dc   0x1004a3dc   0x000000dc   Code   RO         2780    i.RegionAU915NextChannel  regionau915.o
    0x1004a4b8   0x1004a4b8   0x0000009c   Code   RO         2782    i.RegionAU915RxConfig  regionau915.o
    0x1004a554   0x1004a554   0x0000004c   Code   RO         2783    i.RegionAU915RxParamSetupReq  regionau915.o
    0x1004a5a0   0x1004a5a0   0x00000028   Code   RO         2784    i.RegionAU915SetBandTxDone  regionau915.o
    0x1004a5c8   0x1004a5c8   0x00000058   Code   RO         2785    i.RegionAU915SetContinuousWave  regionau915.o
    0x1004a620   0x1004a620   0x000000b0   Code   RO         2786    i.RegionAU915TxConfig  regionau915.o
    0x1004a6d0   0x1004a6d0   0x00000004   Code   RO         2787    i.RegionAU915TxParamSetupReq  regionau915.o
    0x1004a6d4   0x1004a6d4   0x000000ac   Code   RO         2788    i.RegionAU915Verify  regionau915.o
    0x1004a780   0x1004a780   0x00000080   Code   RO         2388    i.RegionAlternateDr  region.o
    0x1004a800   0x1004a800   0x00000068   Code   RO         2389    i.RegionApplyCFList  region.o
    0x1004a868   0x1004a868   0x00000094   Code   RO         2390    i.RegionApplyDrOffset  region.o
    0x1004a8fc   0x1004a8fc   0x00000002   Code   RO         2950    i.RegionCN470AlternateDr  regioncn470.o
    0x1004a8fe   0x1004a8fe   0x00000002   PAD
    0x1004a900   0x1004a900   0x00000048   Code   RO         2951    i.RegionCN470ApplyCFList  regioncn470.o
    0x1004a948   0x1004a948   0x0000000e   Code   RO         2952    i.RegionCN470ApplyDrOffset  regioncn470.o
    0x1004a956   0x1004a956   0x00000002   PAD
    0x1004a958   0x1004a958   0x00000038   Code   RO         2953    i.RegionCN470CalcBackOff  regioncn470.o
    0x1004a990   0x1004a990   0x00000030   Code   RO         2954    i.RegionCN470ChanMaskSet  regioncn470.o
    0x1004a9c0   0x1004a9c0   0x00000058   Code   RO         2957    i.RegionCN470ComputeRxWindowParameters  regioncn470.o
    0x1004aa18   0x1004aa18   0x00000004   Code   RO         2958    i.RegionCN470DlChannelReq  regioncn470.o
    0x1004aa1c   0x1004aa1c   0x00000010   Code   RO         2959    i.RegionCN470GetNvmCtx  regioncn470.o
    0x1004aa2c   0x1004aa2c   0x00000130   Code   RO         2960    i.RegionCN470GetPhyParam  regioncn470.o
    0x1004ab5c   0x1004ab5c   0x000000b8   Code   RO         2961    i.RegionCN470InitDefaults  regioncn470.o
    0x1004ac14   0x1004ac14   0x0000013c   Code   RO         2962    i.RegionCN470LinkAdrReq  regioncn470.o
    0x1004ad50   0x1004ad50   0x00000004   Code   RO         2963    i.RegionCN470NewChannelReq  regioncn470.o
    0x1004ad54   0x1004ad54   0x000000c4   Code   RO         2964    i.RegionCN470NextChannel  regioncn470.o
    0x1004ae18   0x1004ae18   0x000000cc   Code   RO         2966    i.RegionCN470RxConfig  regioncn470.o
    0x1004aee4   0x1004aee4   0x0000003e   Code   RO         2967    i.RegionCN470RxParamSetupReq  regioncn470.o
    0x1004af22   0x1004af22   0x00000002   PAD
    0x1004af24   0x1004af24   0x00000028   Code   RO         2968    i.RegionCN470SetBandTxDone  regioncn470.o
    0x1004af4c   0x1004af4c   0x00000058   Code   RO         2969    i.RegionCN470SetContinuousWave  regioncn470.o
    0x1004afa4   0x1004afa4   0x000000d4   Code   RO         2970    i.RegionCN470TxConfig  regioncn470.o
    0x1004b078   0x1004b078   0x00000006   Code   RO         2971    i.RegionCN470TxParamSetupReq  regioncn470.o
    0x1004b07e   0x1004b07e   0x00000074   Code   RO         2972    i.RegionCN470Verify  regioncn470.o
    0x1004b0f2   0x1004b0f2   0x00000002   Code   RO         3133    i.RegionCN779AlternateDr  regioncn779.o
    0x1004b0f4   0x1004b0f4   0x00000088   Code   RO         3134    i.RegionCN779ApplyCFList  regioncn779.o
    0x1004b17c   0x1004b17c   0x0000000e   Code   RO         3135    i.RegionCN779ApplyDrOffset  regioncn779.o
    0x1004b18a   0x1004b18a   0x00000002   PAD
    0x1004b18c   0x1004b18c   0x00000034   Code   RO         3136    i.RegionCN779CalcBackOff  regioncn779.o
    0x1004b1c0   0x1004b1c0   0x00000030   Code   RO         3137    i.RegionCN779ChanMaskSet  regioncn779.o
    0x1004b1f0   0x1004b1f0   0x000000a8   Code   RO         3138    i.RegionCN779ChannelAdd  regioncn779.o
    0x1004b298   0x1004b298   0x0000002c   Code   RO         3139    i.RegionCN779ChannelsRemove  regioncn779.o
    0x1004b2c4   0x1004b2c4   0x00000068   Code   RO         3140    i.RegionCN779ComputeRxWindowParameters  regioncn779.o
    0x1004b32c   0x1004b32c   0x00000038   Code   RO         3141    i.RegionCN779DlChannelReq  regioncn779.o
    0x1004b364   0x1004b364   0x0000000c   Code   RO         3142    i.RegionCN779GetNvmCtx  regioncn779.o
    0x1004b370   0x1004b370   0x0000012c   Code   RO         3143    i.RegionCN779GetPhyParam  regioncn779.o
    0x1004b49c   0x1004b49c   0x000000e4   Code   RO         3144    i.RegionCN779InitDefaults  regioncn779.o
    0x1004b580   0x1004b580   0x00000144   Code   RO         3145    i.RegionCN779LinkAdrReq  regioncn779.o
    0x1004b6c4   0x1004b6c4   0x0000004e   Code   RO         3146    i.RegionCN779NewChannelReq  regioncn779.o
    0x1004b712   0x1004b712   0x00000002   PAD
    0x1004b714   0x1004b714   0x000000c0   Code   RO         3147    i.RegionCN779NextChannel  regioncn779.o
    0x1004b7d4   0x1004b7d4   0x00000114   Code   RO         3149    i.RegionCN779RxConfig  regioncn779.o
    0x1004b8e8   0x1004b8e8   0x0000003e   Code   RO         3150    i.RegionCN779RxParamSetupReq  regioncn779.o
    0x1004b926   0x1004b926   0x00000002   PAD
    0x1004b928   0x1004b928   0x00000024   Code   RO         3151    i.RegionCN779SetBandTxDone  regioncn779.o
    0x1004b94c   0x1004b94c   0x00000050   Code   RO         3152    i.RegionCN779SetContinuousWave  regioncn779.o
    0x1004b99c   0x1004b99c   0x00000110   Code   RO         3153    i.RegionCN779TxConfig  regioncn779.o
    0x1004baac   0x1004baac   0x00000006   Code   RO         3154    i.RegionCN779TxParamSetupReq  regioncn779.o
    0x1004bab2   0x1004bab2   0x0000008a   Code   RO         3155    i.RegionCN779Verify  regioncn779.o
    0x1004bb3c   0x1004bb3c   0x00000068   Code   RO         2391    i.RegionCalcBackOff  region.o
    0x1004bba4   0x1004bba4   0x0000006c   Code   RO         2392    i.RegionChanMaskSet  region.o
    0x1004bc10   0x1004bc10   0x00000060   Code   RO         3313    i.RegionCommonCalcBackOff  regioncommon.o
    0x1004bc70   0x1004bc70   0x00000026   Code   RO         3314    i.RegionCommonChanDisable  regioncommon.o
    0x1004bc96   0x1004bc96   0x0000001e   Code   RO         3315    i.RegionCommonChanMaskCopy  regioncommon.o
    0x1004bcb4   0x1004bcb4   0x0000006a   Code   RO         3316    i.RegionCommonChanVerifyDr  regioncommon.o
    0x1004bd1e   0x1004bd1e   0x0000009a   Code   RO         3317    i.RegionCommonComputeRxWindowParameters  regioncommon.o
    0x1004bdb8   0x1004bdb8   0x00000018   Code   RO         3318    i.RegionCommonComputeSymbolTimeFsk  regioncommon.o
    0x1004bdd0   0x1004bdd0   0x0000002c   Code   RO         3319    i.RegionCommonComputeSymbolTimeLoRa  regioncommon.o
    0x1004bdfc   0x1004bdfc   0x00000028   Code   RO         3320    i.RegionCommonComputeTxPower  regioncommon.o
    0x1004be24   0x1004be24   0x0000002a   Code   RO         3321    i.RegionCommonCountChannels  regioncommon.o
    0x1004be4e   0x1004be4e   0x00000002   PAD
    0x1004be50   0x1004be50   0x00000028   Code   RO         3322    i.RegionCommonGetJoinDc  regioncommon.o
    0x1004be78   0x1004be78   0x000000f4   Code   RO         3323    i.RegionCommonLinkAdrReqVerifyParams  regioncommon.o
    0x1004bf6c   0x1004bf6c   0x00000036   Code   RO         3324    i.RegionCommonParseLinkAdrReq  regioncommon.o
    0x1004bfa2   0x1004bfa2   0x0000000e   Code   RO         3326    i.RegionCommonSetBandTxDone  regioncommon.o
    0x1004bfb0   0x1004bfb0   0x000000aa   Code   RO         3327    i.RegionCommonUpdateBandTimeOff  regioncommon.o
    0x1004c05a   0x1004c05a   0x00000010   Code   RO         3328    i.RegionCommonValueInRange  regioncommon.o
    0x1004c06a   0x1004c06a   0x00000002   PAD
    0x1004c06c   0x1004c06c   0x000000a4   Code   RO         2395    i.RegionComputeRxWindowParameters  region.o
    0x1004c110   0x1004c110   0x0000006c   Code   RO         2396    i.RegionDlChannelReq  region.o
    0x1004c17c   0x1004c17c   0x00000002   Code   RO         3431    i.RegionEU433AlternateDr  regioneu433.o
    0x1004c17e   0x1004c17e   0x00000088   Code   RO         3432    i.RegionEU433ApplyCFList  regioneu433.o
    0x1004c206   0x1004c206   0x0000000e   Code   RO         3433    i.RegionEU433ApplyDrOffset  regioneu433.o
    0x1004c214   0x1004c214   0x00000034   Code   RO         3434    i.RegionEU433CalcBackOff  regioneu433.o
    0x1004c248   0x1004c248   0x00000030   Code   RO         3435    i.RegionEU433ChanMaskSet  regioneu433.o
    0x1004c278   0x1004c278   0x000000a8   Code   RO         3436    i.RegionEU433ChannelAdd  regioneu433.o
    0x1004c320   0x1004c320   0x0000002c   Code   RO         3437    i.RegionEU433ChannelsRemove  regioneu433.o
    0x1004c34c   0x1004c34c   0x00000068   Code   RO         3438    i.RegionEU433ComputeRxWindowParameters  regioneu433.o
    0x1004c3b4   0x1004c3b4   0x00000038   Code   RO         3439    i.RegionEU433DlChannelReq  regioneu433.o
    0x1004c3ec   0x1004c3ec   0x0000000c   Code   RO         3440    i.RegionEU433GetNvmCtx  regioneu433.o
    0x1004c3f8   0x1004c3f8   0x00000128   Code   RO         3441    i.RegionEU433GetPhyParam  regioneu433.o
    0x1004c520   0x1004c520   0x000000e4   Code   RO         3442    i.RegionEU433InitDefaults  regioneu433.o
    0x1004c604   0x1004c604   0x00000144   Code   RO         3443    i.RegionEU433LinkAdrReq  regioneu433.o
    0x1004c748   0x1004c748   0x0000004e   Code   RO         3444    i.RegionEU433NewChannelReq  regioneu433.o
    0x1004c796   0x1004c796   0x00000002   PAD
    0x1004c798   0x1004c798   0x000000c0   Code   RO         3445    i.RegionEU433NextChannel  regioneu433.o
    0x1004c858   0x1004c858   0x00000114   Code   RO         3447    i.RegionEU433RxConfig  regioneu433.o
    0x1004c96c   0x1004c96c   0x0000003e   Code   RO         3448    i.RegionEU433RxParamSetupReq  regioneu433.o
    0x1004c9aa   0x1004c9aa   0x00000002   PAD
    0x1004c9ac   0x1004c9ac   0x00000024   Code   RO         3449    i.RegionEU433SetBandTxDone  regioneu433.o
    0x1004c9d0   0x1004c9d0   0x00000050   Code   RO         3450    i.RegionEU433SetContinuousWave  regioneu433.o
    0x1004ca20   0x1004ca20   0x00000110   Code   RO         3451    i.RegionEU433TxConfig  regioneu433.o
    0x1004cb30   0x1004cb30   0x00000006   Code   RO         3452    i.RegionEU433TxParamSetupReq  regioneu433.o
    0x1004cb36   0x1004cb36   0x0000008a   Code   RO         3453    i.RegionEU433Verify  regioneu433.o
    0x1004cbc0   0x1004cbc0   0x00000002   Code   RO         3614    i.RegionEU868AlternateDr  regioneu868.o
    0x1004cbc2   0x1004cbc2   0x00000088   Code   RO         3615    i.RegionEU868ApplyCFList  regioneu868.o
    0x1004cc4a   0x1004cc4a   0x0000000e   Code   RO         3616    i.RegionEU868ApplyDrOffset  regioneu868.o
    0x1004cc58   0x1004cc58   0x00000034   Code   RO         3617    i.RegionEU868CalcBackOff  regioneu868.o
    0x1004cc8c   0x1004cc8c   0x00000030   Code   RO         3618    i.RegionEU868ChanMaskSet  regioneu868.o
    0x1004ccbc   0x1004ccbc   0x000000b4   Code   RO         3619    i.RegionEU868ChannelAdd  regioneu868.o
    0x1004cd70   0x1004cd70   0x00000030   Code   RO         3620    i.RegionEU868ChannelsRemove  regioneu868.o
    0x1004cda0   0x1004cda0   0x00000068   Code   RO         3621    i.RegionEU868ComputeRxWindowParameters  regioneu868.o
    0x1004ce08   0x1004ce08   0x0000003c   Code   RO         3622    i.RegionEU868DlChannelReq  regioneu868.o
    0x1004ce44   0x1004ce44   0x00000010   Code   RO         3623    i.RegionEU868GetNvmCtx  regioneu868.o
    0x1004ce54   0x1004ce54   0x0000012c   Code   RO         3624    i.RegionEU868GetPhyParam  regioneu868.o
    0x1004cf80   0x1004cf80   0x000000dc   Code   RO         3625    i.RegionEU868InitDefaults  regioneu868.o
    0x1004d05c   0x1004d05c   0x00000198   Code   RO         3626    i.RegionEU868LinkAdrReq  regioneu868.o
    0x1004d1f4   0x1004d1f4   0x0000004e   Code   RO         3627    i.RegionEU868NewChannelReq  regioneu868.o
    0x1004d242   0x1004d242   0x00000002   PAD
    0x1004d244   0x1004d244   0x000000e8   Code   RO         3628    i.RegionEU868NextChannel  regioneu868.o
    0x1004d32c   0x1004d32c   0x000000dc   Code   RO         3630    i.RegionEU868RxConfig  regioneu868.o
    0x1004d408   0x1004d408   0x00000044   Code   RO         3631    i.RegionEU868RxParamSetupReq  regioneu868.o
    0x1004d44c   0x1004d44c   0x00000024   Code   RO         3632    i.RegionEU868SetBandTxDone  regioneu868.o
    0x1004d470   0x1004d470   0x00000050   Code   RO         3633    i.RegionEU868SetContinuousWave  regioneu868.o
    0x1004d4c0   0x1004d4c0   0x000000e0   Code   RO         3634    i.RegionEU868TxConfig  regioneu868.o
    0x1004d5a0   0x1004d5a0   0x00000006   Code   RO         3635    i.RegionEU868TxParamSetupReq  regioneu868.o
    0x1004d5a6   0x1004d5a6   0x00000090   Code   RO         3636    i.RegionEU868Verify  regioneu868.o
    0x1004d636   0x1004d636   0x00000002   PAD
    0x1004d638   0x1004d638   0x0000006c   Code   RO         2397    i.RegionGetNvmCtx   region.o
    0x1004d6a4   0x1004d6a4   0x00000070   Code   RO         2398    i.RegionGetPhyParam  region.o
    0x1004d714   0x1004d714   0x00000068   Code   RO         2399    i.RegionInitDefaults  region.o
    0x1004d77c   0x1004d77c   0x00000048   Code   RO         2400    i.RegionIsActive    region.o
    0x1004d7c4   0x1004d7c4   0x00000002   Code   RO         3981    i.RegionKR920AlternateDr  regionkr920.o
    0x1004d7c6   0x1004d7c6   0x00000088   Code   RO         3982    i.RegionKR920ApplyCFList  regionkr920.o
    0x1004d84e   0x1004d84e   0x0000000e   Code   RO         3983    i.RegionKR920ApplyDrOffset  regionkr920.o
    0x1004d85c   0x1004d85c   0x00000034   Code   RO         3984    i.RegionKR920CalcBackOff  regionkr920.o
    0x1004d890   0x1004d890   0x00000030   Code   RO         3985    i.RegionKR920ChanMaskSet  regionkr920.o
    0x1004d8c0   0x1004d8c0   0x000000a8   Code   RO         3986    i.RegionKR920ChannelAdd  regionkr920.o
    0x1004d968   0x1004d968   0x0000002c   Code   RO         3987    i.RegionKR920ChannelsRemove  regionkr920.o
    0x1004d994   0x1004d994   0x00000058   Code   RO         3988    i.RegionKR920ComputeRxWindowParameters  regionkr920.o
    0x1004d9ec   0x1004d9ec   0x00000038   Code   RO         3989    i.RegionKR920DlChannelReq  regionkr920.o
    0x1004da24   0x1004da24   0x0000000c   Code   RO         3990    i.RegionKR920GetNvmCtx  regionkr920.o
    0x1004da30   0x1004da30   0x00000124   Code   RO         3991    i.RegionKR920GetPhyParam  regionkr920.o
    0x1004db54   0x1004db54   0x000000e0   Code   RO         3992    i.RegionKR920InitDefaults  regionkr920.o
    0x1004dc34   0x1004dc34   0x00000144   Code   RO         3993    i.RegionKR920LinkAdrReq  regionkr920.o
    0x1004dd78   0x1004dd78   0x0000004e   Code   RO         3994    i.RegionKR920NewChannelReq  regionkr920.o
    0x1004ddc6   0x1004ddc6   0x00000002   PAD
    0x1004ddc8   0x1004ddc8   0x00000100   Code   RO         3995    i.RegionKR920NextChannel  regionkr920.o
    0x1004dec8   0x1004dec8   0x000000b8   Code   RO         3997    i.RegionKR920RxConfig  regionkr920.o
    0x1004df80   0x1004df80   0x0000003e   Code   RO         3998    i.RegionKR920RxParamSetupReq  regionkr920.o
    0x1004dfbe   0x1004dfbe   0x00000002   PAD
    0x1004dfc0   0x1004dfc0   0x00000024   Code   RO         3999    i.RegionKR920SetBandTxDone  regionkr920.o
    0x1004dfe4   0x1004dfe4   0x00000074   Code   RO         4000    i.RegionKR920SetContinuousWave  regionkr920.o
    0x1004e058   0x1004e058   0x000000f8   Code   RO         4001    i.RegionKR920TxConfig  regionkr920.o
    0x1004e150   0x1004e150   0x00000006   Code   RO         4002    i.RegionKR920TxParamSetupReq  regionkr920.o
    0x1004e156   0x1004e156   0x0000008a   Code   RO         4003    i.RegionKR920Verify  regionkr920.o
    0x1004e1e0   0x1004e1e0   0x000000bc   Code   RO         2401    i.RegionLinkAdrReq  region.o
    0x1004e29c   0x1004e29c   0x0000006c   Code   RO         2402    i.RegionNewChannelReq  region.o
    0x1004e308   0x1004e308   0x000000a8   Code   RO         2403    i.RegionNextChannel  region.o
    0x1004e3b0   0x1004e3b0   0x00000002   Code   RO         4168    i.RegionRU864AlternateDr  regionru864.o
    0x1004e3b2   0x1004e3b2   0x00000088   Code   RO         4169    i.RegionRU864ApplyCFList  regionru864.o
    0x1004e43a   0x1004e43a   0x0000000e   Code   RO         4170    i.RegionRU864ApplyDrOffset  regionru864.o
    0x1004e448   0x1004e448   0x00000034   Code   RO         4171    i.RegionRU864CalcBackOff  regionru864.o
    0x1004e47c   0x1004e47c   0x00000030   Code   RO         4172    i.RegionRU864ChanMaskSet  regionru864.o
    0x1004e4ac   0x1004e4ac   0x000000a8   Code   RO         4173    i.RegionRU864ChannelAdd  regionru864.o
    0x1004e554   0x1004e554   0x0000002c   Code   RO         4174    i.RegionRU864ChannelsRemove  regionru864.o
    0x1004e580   0x1004e580   0x00000068   Code   RO         4175    i.RegionRU864ComputeRxWindowParameters  regionru864.o
    0x1004e5e8   0x1004e5e8   0x00000038   Code   RO         4176    i.RegionRU864DlChannelReq  regionru864.o
    0x1004e620   0x1004e620   0x0000000c   Code   RO         4177    i.RegionRU864GetNvmCtx  regionru864.o
    0x1004e62c   0x1004e62c   0x00000120   Code   RO         4178    i.RegionRU864GetPhyParam  regionru864.o
    0x1004e74c   0x1004e74c   0x000000b0   Code   RO         4179    i.RegionRU864InitDefaults  regionru864.o
    0x1004e7fc   0x1004e7fc   0x00000144   Code   RO         4180    i.RegionRU864LinkAdrReq  regionru864.o
    0x1004e940   0x1004e940   0x0000004e   Code   RO         4181    i.RegionRU864NewChannelReq  regionru864.o
    0x1004e98e   0x1004e98e   0x00000002   PAD
    0x1004e990   0x1004e990   0x000000c0   Code   RO         4182    i.RegionRU864NextChannel  regionru864.o
    0x1004ea50   0x1004ea50   0x00000114   Code   RO         4184    i.RegionRU864RxConfig  regionru864.o
    0x1004eb64   0x1004eb64   0x0000003e   Code   RO         4185    i.RegionRU864RxParamSetupReq  regionru864.o
    0x1004eba2   0x1004eba2   0x00000002   PAD
    0x1004eba4   0x1004eba4   0x00000024   Code   RO         4186    i.RegionRU864SetBandTxDone  regionru864.o
    0x1004ebc8   0x1004ebc8   0x00000050   Code   RO         4187    i.RegionRU864SetContinuousWave  regionru864.o
    0x1004ec18   0x1004ec18   0x00000110   Code   RO         4188    i.RegionRU864TxConfig  regionru864.o
    0x1004ed28   0x1004ed28   0x00000006   Code   RO         4189    i.RegionRU864TxParamSetupReq  regionru864.o
    0x1004ed2e   0x1004ed2e   0x0000008a   Code   RO         4190    i.RegionRU864Verify  regionru864.o
    0x1004edb8   0x1004edb8   0x00000080   Code   RO         2405    i.RegionRxConfig    region.o
    0x1004ee38   0x1004ee38   0x0000006c   Code   RO         2406    i.RegionRxParamSetupReq  region.o
    0x1004eea4   0x1004eea4   0x00000068   Code   RO         2407    i.RegionSetBandTxDone  region.o
    0x1004ef0c   0x1004ef0c   0x00000068   Code   RO         2408    i.RegionSetContinuousWave  region.o
    0x1004ef74   0x1004ef74   0x00000094   Code   RO         2409    i.RegionTxConfig    region.o
    0x1004f008   0x1004f008   0x0000006c   Code   RO         2410    i.RegionTxParamSetupReq  region.o
    0x1004f074   0x1004f074   0x0000002c   Code   RO         4353    i.RegionUS915AlternateDr  regionus915.o
    0x1004f0a0   0x1004f0a0   0x00000060   Code   RO         4354    i.RegionUS915ApplyCFList  regionus915.o
    0x1004f100   0x1004f100   0x00000018   Code   RO         4355    i.RegionUS915ApplyDrOffset  regionus915.o
    0x1004f118   0x1004f118   0x00000038   Code   RO         4356    i.RegionUS915CalcBackOff  regionus915.o
    0x1004f150   0x1004f150   0x00000074   Code   RO         4357    i.RegionUS915ChanMaskSet  regionus915.o
    0x1004f1c4   0x1004f1c4   0x00000058   Code   RO         4360    i.RegionUS915ComputeRxWindowParameters  regionus915.o
    0x1004f21c   0x1004f21c   0x00000004   Code   RO         4361    i.RegionUS915DlChannelReq  regionus915.o
    0x1004f220   0x1004f220   0x00000010   Code   RO         4362    i.RegionUS915GetNvmCtx  regionus915.o
    0x1004f230   0x1004f230   0x00000138   Code   RO         4363    i.RegionUS915GetPhyParam  regionus915.o
    0x1004f368   0x1004f368   0x0000010c   Code   RO         4364    i.RegionUS915InitDefaults  regionus915.o
    0x1004f474   0x1004f474   0x00000228   Code   RO         4365    i.RegionUS915LinkAdrReq  regionus915.o
    0x1004f69c   0x1004f69c   0x00000004   Code   RO         4366    i.RegionUS915NewChannelReq  regionus915.o
    0x1004f6a0   0x1004f6a0   0x00000128   Code   RO         4367    i.RegionUS915NextChannel  regionus915.o
    0x1004f7c8   0x1004f7c8   0x0000009c   Code   RO         4369    i.RegionUS915RxConfig  regionus915.o
    0x1004f864   0x1004f864   0x00000058   Code   RO         4370    i.RegionUS915RxParamSetupReq  regionus915.o
    0x1004f8bc   0x1004f8bc   0x00000028   Code   RO         4371    i.RegionUS915SetBandTxDone  regionus915.o
    0x1004f8e4   0x1004f8e4   0x0000005c   Code   RO         4372    i.RegionUS915SetContinuousWave  regionus915.o
    0x1004f940   0x1004f940   0x000000b4   Code   RO         4373    i.RegionUS915TxConfig  regionus915.o
    0x1004f9f4   0x1004f9f4   0x00000006   Code   RO         4374    i.RegionUS915TxParamSetupReq  regionus915.o
    0x1004f9fa   0x1004f9fa   0x0000008a   Code   RO         4375    i.RegionUS915Verify  regionus915.o
    0x1004fa84   0x1004fa84   0x00000080   Code   RO         2411    i.RegionVerify      region.o
    0x1004fb04   0x1004fb04   0x00000022   Code   RO         1254    i.RemoveMacCommands  loramac.o
    0x1004fb26   0x1004fb26   0x00000002   PAD
    0x1004fb28   0x1004fb28   0x00000028   Code   RO         2172    i.ResetFCnts        loramaccrypto.o
    0x1004fb50   0x1004fb50   0x000000c4   Code   RO         1255    i.ResetMacParameters  loramac.o
    0x1004fc14   0x1004fc14   0x00000090   Code   RO         1256    i.RestoreCtxs       loramac.o
    0x1004fca4   0x1004fca4   0x0000003c   Code   RO         1257    i.RxWindowSetup     loramac.o
    0x1004fce0   0x1004fce0   0x00000010   Code   RO          579    i.SPI1_IRQHandler   bluenrg_lp_it.o
    0x1004fcf0   0x1004fcf0   0x00000002   Code   RO         7618    i.SPI2_IRQHandler   system_bluenrg_lp.o
    0x1004fcf2   0x1004fcf2   0x00000002   Code   RO         7619    i.SPI3_IRQHandler   system_bluenrg_lp.o
    0x1004fcf4   0x1004fcf4   0x00000012   Code   RO         6420    i.SPI_DMAAbortOnError  rf_driver_hal_spi.o
    0x1004fd06   0x1004fd06   0x00000066   Code   RO         6431    i.SPI_EndRxTxTransaction  rf_driver_hal_spi.o
    0x1004fd6c   0x1004fd6c   0x00000090   Code   RO         6438    i.SPI_WaitFifoStateUntilTimeout  rf_driver_hal_spi.o
    0x1004fdfc   0x1004fdfc   0x0000008c   Code   RO         6439    i.SPI_WaitFlagStateUntilTimeout  rf_driver_hal_spi.o
    0x1004fe88   0x1004fe88   0x00000002   Code   RO          580    i.SVC_IRQHandler    bluenrg_lp_it.o
    0x1004fe8a   0x1004fe8a   0x00000002   PAD
    0x1004fe8c   0x1004fe8c   0x00000014   Code   RO         5072    i.SX126xAntSwOff    sx1262_interface.o
    0x1004fea0   0x1004fea0   0x00000014   Code   RO         5073    i.SX126xAntSwOn     sx1262_interface.o
    0x1004feb4   0x1004feb4   0x00000004   Code   RO         5074    i.SX126xBoardIsTcxoPresent  sx1262_interface.o
    0x1004feb8   0x1004feb8   0x0000004a   Code   RO         4767    i.SX126xCalibrate   sx126x.o
    0x1004ff02   0x1004ff02   0x00000002   PAD
    0x1004ff04   0x1004ff04   0x0000007c   Code   RO         4768    i.SX126xCalibrateImage  sx126x.o
    0x1004ff80   0x1004ff80   0x00000020   Code   RO         4769    i.SX126xCheckDeviceReady  sx126x.o
    0x1004ffa0   0x1004ffa0   0x00000016   Code   RO         4771    i.SX126xClearIrqStatus  sx126x.o
    0x1004ffb6   0x1004ffb6   0x00000004   Code   RO         5076    i.SX126xGetBoardTcxoWakeupTime  sx1262_interface.o
    0x1004ffba   0x1004ffba   0x00000018   Code   RO         4773    i.SX126xGetIrqStatus  sx126x.o
    0x1004ffd2   0x1004ffd2   0x00000002   PAD
    0x1004ffd4   0x1004ffd4   0x0000000c   Code   RO         4774    i.SX126xGetOperatingMode  sx126x.o
    0x1004ffe0   0x1004ffe0   0x00000004   Code   RO         5077    i.SX126xGetPaSelect  sx1262_interface.o
    0x1004ffe4   0x1004ffe4   0x00000074   Code   RO         4775    i.SX126xGetPacketStatus  sx126x.o
    0x10050058   0x10050058   0x0000000c   Code   RO         4776    i.SX126xGetPacketType  sx126x.o
    0x10050064   0x10050064   0x0000002c   Code   RO         4777    i.SX126xGetPayload  sx126x.o
    0x10050090   0x10050090   0x00000018   Code   RO         4779    i.SX126xGetRssiInst  sx126x.o
    0x100500a8   0x100500a8   0x00000040   Code   RO         4780    i.SX126xGetRxBufferStatus  sx126x.o
    0x100500e8   0x100500e8   0x00000044   Code   RO         4782    i.SX126xInit        sx126x.o
    0x1005012c   0x1005012c   0x00000002   Code   RO         5078    i.SX126xIoDeInit    sx1262_interface.o
    0x1005012e   0x1005012e   0x00000002   Code   RO         5079    i.SX126xIoInit      sx1262_interface.o
    0x10050130   0x10050130   0x00000002   Code   RO         5080    i.SX126xIoIrqInit   sx1262_interface.o
    0x10050132   0x10050132   0x00000054   Code   RO         5081    i.SX126xReadBuffer  sx1262_interface.o
    0x10050186   0x10050186   0x00000050   Code   RO         5082    i.SX126xReadCommand  sx1262_interface.o
    0x100501d6   0x100501d6   0x00000010   Code   RO         5083    i.SX126xReadRegister  sx1262_interface.o
    0x100501e6   0x100501e6   0x0000005a   Code   RO         5084    i.SX126xReadRegisters  sx1262_interface.o
    0x10050240   0x10050240   0x00000050   Code   RO         5085    i.SX126xReset       sx1262_interface.o
    0x10050290   0x10050290   0x00000010   Code   RO         4783    i.SX126xSendPayload  sx126x.o
    0x100502a0   0x100502a0   0x00000014   Code   RO         4784    i.SX126xSetBufferBaseAddress  sx126x.o
    0x100502b4   0x100502b4   0x00000014   Code   RO         4785    i.SX126xSetCad      sx126x.o
    0x100502c8   0x100502c8   0x00000024   Code   RO         4787    i.SX126xSetCrcPolynomial  sx126x.o
    0x100502ec   0x100502ec   0x00000024   Code   RO         4788    i.SX126xSetCrcSeed  sx126x.o
    0x10050310   0x10050310   0x0000000e   Code   RO         4789    i.SX126xSetDio2AsRfSwitchCtrl  sx126x.o
    0x1005031e   0x1005031e   0x00000020   Code   RO         4790    i.SX126xSetDio3AsTcxoCtrl  sx126x.o
    0x1005033e   0x1005033e   0x00000028   Code   RO         4791    i.SX126xSetDioIrqParams  sx126x.o
    0x10050366   0x10050366   0x0000000e   Code   RO         4793    i.SX126xSetLoRaSymbNumTimeout  sx126x.o
    0x10050374   0x10050374   0x000000a8   Code   RO         4794    i.SX126xSetModulationParams  sx126x.o
    0x1005041c   0x1005041c   0x0000000c   Code   RO         4795    i.SX126xSetOperatingMode  sx126x.o
    0x10050428   0x10050428   0x00000018   Code   RO         4796    i.SX126xSetPaConfig  sx126x.o
    0x10050440   0x10050440   0x000000b4   Code   RO         4797    i.SX126xSetPacketParams  sx126x.o
    0x100504f4   0x100504f4   0x0000001c   Code   RO         4798    i.SX126xSetPacketType  sx126x.o
    0x10050510   0x10050510   0x0000000e   Code   RO         4799    i.SX126xSetPayload  sx126x.o
    0x1005051e   0x1005051e   0x0000000e   Code   RO         4800    i.SX126xSetRegulatorMode  sx126x.o
    0x1005052c   0x1005052c   0x00000064   Code   RO         4801    i.SX126xSetRfFrequency  sx126x.o
    0x10050590   0x10050590   0x0000000a   Code   RO         5086    i.SX126xSetRfTxPower  sx1262_interface.o
    0x1005059a   0x1005059a   0x00000020   Code   RO         4802    i.SX126xSetRx       sx126x.o
    0x100505ba   0x100505ba   0x00000002   PAD
    0x100505bc   0x100505bc   0x0000002c   Code   RO         4803    i.SX126xSetRxBoosted  sx126x.o
    0x100505e8   0x100505e8   0x0000002a   Code   RO         4804    i.SX126xSetRxDutyCycle  sx126x.o
    0x10050612   0x10050612   0x00000034   Code   RO         4806    i.SX126xSetSleep    sx126x.o
    0x10050646   0x10050646   0x00000024   Code   RO         4807    i.SX126xSetStandby  sx126x.o
    0x1005066a   0x1005066a   0x0000000e   Code   RO         4808    i.SX126xSetStopRxTimerOnPreambleDetect  sx126x.o
    0x10050678   0x10050678   0x00000012   Code   RO         4809    i.SX126xSetSyncWord  sx126x.o
    0x1005068a   0x1005068a   0x00000020   Code   RO         4810    i.SX126xSetTx       sx126x.o
    0x100506aa   0x100506aa   0x0000000e   Code   RO         4811    i.SX126xSetTxContinuousWave  sx126x.o
    0x100506b8   0x100506b8   0x00000088   Code   RO         4813    i.SX126xSetTxParams  sx126x.o
    0x10050740   0x10050740   0x00000030   Code   RO         4814    i.SX126xSetWhiteningSeed  sx126x.o
    0x10050770   0x10050770   0x0000001c   Code   RO         5087    i.SX126xWaitOnBusy  sx1262_interface.o
    0x1005078c   0x1005078c   0x00000030   Code   RO         5088    i.SX126xWakeup      sx1262_interface.o
    0x100507bc   0x100507bc   0x0000004c   Code   RO         5089    i.SX126xWriteBuffer  sx1262_interface.o
    0x10050808   0x10050808   0x00000048   Code   RO         5090    i.SX126xWriteCommand  sx1262_interface.o
    0x10050850   0x10050850   0x0000000c   Code   RO         5091    i.SX126xWriteRegister  sx1262_interface.o
    0x1005085c   0x1005085c   0x00000052   Code   RO         5092    i.SX126xWriteRegisters  sx1262_interface.o
    0x100508ae   0x100508ae   0x00000002   PAD
    0x100508b0   0x100508b0   0x0000018c   Code   RO         1258    i.ScheduleTx        loramac.o
    0x10050a3c   0x10050a3c   0x00000068   Code   RO         1085    i.SecureElementAesEncrypt  soft-se.o
    0x10050aa4   0x10050aa4   0x00000014   Code   RO         1086    i.SecureElementComputeAesCmac  soft-se.o
    0x10050ab8   0x10050ab8   0x00000052   Code   RO         1087    i.SecureElementDeriveAndStoreKey  soft-se.o
    0x10050b0a   0x10050b0a   0x00000002   PAD
    0x10050b0c   0x10050b0c   0x00000010   Code   RO         1088    i.SecureElementGetNvmCtx  soft-se.o
    0x10050b1c   0x10050b1c   0x000000d0   Code   RO         1089    i.SecureElementInit  soft-se.o
    0x10050bec   0x10050bec   0x0000001c   Code   RO         1090    i.SecureElementRandomNumber  soft-se.o
    0x10050c08   0x10050c08   0x00000020   Code   RO         1091    i.SecureElementRestoreNvmCtx  soft-se.o
    0x10050c28   0x10050c28   0x0000009c   Code   RO         1092    i.SecureElementSetKey  soft-se.o
    0x10050cc4   0x10050cc4   0x0000002e   Code   RO         1093    i.SecureElementVerifyAesCmac  soft-se.o
    0x10050cf2   0x10050cf2   0x00000002   PAD
    0x10050cf4   0x10050cf4   0x00000080   Code   RO         1259    i.SecureFrame       loramac.o
    0x10050d74   0x10050d74   0x00000128   Code   RO         1260    i.Send              loramac.o
    0x10050e9c   0x10050e9c   0x000000e8   Code   RO         1261    i.SendFrameOnChannel  loramac.o
    0x10050f84   0x10050f84   0x00000048   Code   RO         1262    i.SendReJoinReq     loramac.o
    0x10050fcc   0x10050fcc   0x00000010   Code   RO         1263    i.SetMlmeScheduleUplinkIndication  loramac.o
    0x10050fdc   0x10050fdc   0x0000004c   Code   RO         1264    i.SetTxContinuousWave  loramac.o
    0x10051028   0x10051028   0x0000002c   Code   RO         1265    i.SetTxContinuousWave1  loramac.o
    0x10051054   0x10051054   0x0000012c   Code   RO         7621    i.SmpsTrimConfig    system_bluenrg_lp.o
    0x10051180   0x10051180   0x00000048   Code   RO         1266    i.StopRetransmission  loramac.o
    0x100511c8   0x100511c8   0x0000011c   Code   RO         1267    i.SwitchClass       loramac.o
    0x100512e4   0x100512e4   0x00000018   Code   RO          581    i.SysTick_IRQHandler  bluenrg_lp_it.o
    0x100512fc   0x100512fc   0x00000040   Code   RO         5281    i.SysTimeAdd        systime.o
    0x1005133c   0x1005133c   0x0000003e   Code   RO         5283    i.SysTimeGet        systime.o
    0x1005137a   0x1005137a   0x0000003a   Code   RO         5287    i.SysTimeSet        systime.o
    0x100513b4   0x100513b4   0x00000040   Code   RO         5288    i.SysTimeSub        systime.o
    0x100513f4   0x100513f4   0x00000184   Code   RO         7623    i.SystemClockConfig  system_bluenrg_lp.o
    0x10051578   0x10051578   0x0000001c   Code   RO         7375    i.SystemDeepSleepCmd  rf_driver_hal_power_manager.o
    0x10051594   0x10051594   0x000000a0   Code   RO         7624    i.SystemInit        system_bluenrg_lp.o
    0x10051634   0x10051634   0x00000030   Code   RO         7625    i.SystemTimer_TimeoutConfig  system_bluenrg_lp.o
    0x10051664   0x10051664   0x00000014   Code   RO         7626    i.SystemTimer_TimeoutExpired  system_bluenrg_lp.o
    0x10051678   0x10051678   0x00000002   Code   RO         7627    i.TIM1_IRQHandler   system_bluenrg_lp.o
    0x1005167a   0x1005167a   0x00000002   PAD
    0x1005167c   0x1005167c   0x0000001c   Code   RO         5389    i.TimerExists       timeserver.o
    0x10051698   0x10051698   0x0000000c   Code   RO         5390    i.TimerGetCurrentTime  timeserver.o
    0x100516a4   0x100516a4   0x00000020   Code   RO         5391    i.TimerGetElapsedTime  timeserver.o
    0x100516c4   0x100516c4   0x00000012   Code   RO         5392    i.TimerInit         timeserver.o
    0x100516d6   0x100516d6   0x00000002   PAD
    0x100516d8   0x100516d8   0x0000001c   Code   RO         5393    i.TimerInsertNewHeadTimer  timeserver.o
    0x100516f4   0x100516f4   0x00000030   Code   RO         5394    i.TimerInsertTimer  timeserver.o
    0x10051724   0x10051724   0x00000088   Code   RO         5395    i.TimerIrqHandler   timeserver.o
    0x100517ac   0x100517ac   0x00000044   Code   RO         5399    i.TimerSetTimeout   timeserver.o
    0x100517f0   0x100517f0   0x00000022   Code   RO         5400    i.TimerSetValue     timeserver.o
    0x10051812   0x10051812   0x00000002   PAD
    0x10051814   0x10051814   0x00000068   Code   RO         5401    i.TimerStart        timeserver.o
    0x1005187c   0x1005187c   0x00000078   Code   RO         5402    i.TimerStop         timeserver.o
    0x100518f4   0x100518f4   0x00000020   Code   RO          841    i.TraceUpLinkFrame  lora.o
    0x10051914   0x10051914   0x00000064   Code   RO         7289    i.UARTEx_SetNbDataToProcess  rf_driver_hal_uart_ex.o
    0x10051978   0x10051978   0x000000ca   Code   RO         6776    i.UART_AdvFeatureConfig  rf_driver_hal_uart.o
    0x10051a42   0x10051a42   0x00000002   PAD
    0x10051a44   0x10051a44   0x00000068   Code   RO         6777    i.UART_CheckIdleState  rf_driver_hal_uart.o
    0x10051aac   0x10051aac   0x000002dc   Code   RO         6795    i.UART_SetConfig    rf_driver_hal_uart.o
    0x10051d88   0x10051d88   0x00000066   Code   RO         6800    i.UART_WaitOnFlagUntilTimeout  rf_driver_hal_uart.o
    0x10051dee   0x10051dee   0x00000002   Code   RO         7628    i.UPCONV_IRQHandler  system_bluenrg_lp.o
    0x10051df0   0x10051df0   0x00000002   Code   RO         7629    i.USART1_IRQHandler  system_bluenrg_lp.o
    0x10051df2   0x10051df2   0x00000002   PAD
    0x10051df4   0x10051df4   0x0000003c   Code   RO         2173    i.UpdateFCntDown    loramaccrypto.o
    0x10051e30   0x10051e30   0x0000001c   Code   RO         1268    i.UpdateRxSlotIdleState  loramac.o
    0x10051e4c   0x10051e4c   0x0000001e   Code   RO         1269    i.ValidatePayloadLength  loramac.o
    0x10051e6a   0x10051e6a   0x00000070   Code   RO         2174    i.VerifyCmacB0      loramaccrypto.o
    0x10051eda   0x10051eda   0x00000002   PAD
    0x10051edc   0x10051edc   0x00000034   Code   RO         2603    i.VerifyRfFreq      regionas923.o
    0x10051f10   0x10051f10   0x00000058   Code   RO         2789    i.VerifyRfFreq      regionau915.o
    0x10051f68   0x10051f68   0x00000058   Code   RO         2973    i.VerifyRfFreq      regioncn470.o
    0x10051fc0   0x10051fc0   0x00000034   Code   RO         3156    i.VerifyRfFreq      regioncn779.o
    0x10051ff4   0x10051ff4   0x00000034   Code   RO         3454    i.VerifyRfFreq      regioneu433.o
    0x10052028   0x10052028   0x000000b0   Code   RO         3637    i.VerifyRfFreq      regioneu868.o
    0x100520d8   0x100520d8   0x00000040   Code   RO         4004    i.VerifyRfFreq      regionkr920.o
    0x10052118   0x10052118   0x00000034   Code   RO         4191    i.VerifyRfFreq      regionru864.o
    0x1005214c   0x1005214c   0x00000058   Code   RO         4376    i.VerifyRfFreq      regionus915.o
    0x100521a4   0x100521a4   0x00000020   Code   RO         8441    i.__0printf$8       mc_p.l(printf8.o)
    0x100521c4   0x100521c4   0x0000002e   Code   RO         8557    i.__ARM_clz         mf_p.l(depilogue.o)
    0x100521f2   0x100521f2   0x0000001a   Code   RO          912    i.__ARM_common_switch8  lora.o
    0x1005220c   0x1005220c   0x00000020   Code   RO         7376    i.__NVIC_DisableIRQ  rf_driver_hal_power_manager.o
    0x1005222c   0x1005222c   0x00000018   Code   RO         7377    i.__NVIC_EnableIRQ  rf_driver_hal_power_manager.o
    0x10052244   0x10052244   0x00000044   Code   RO         5745    i.__NVIC_SetPriority  rf_driver_hal_cortex.o
    0x10052288   0x10052288   0x00000044   Code   RO         7630    i.__NVIC_SetPriority  system_bluenrg_lp.o
    0x100522cc   0x100522cc   0x0000004c   Code   RO         7631    i.__low_level_init  system_bluenrg_lp.o
    0x10052318   0x10052318   0x0000000e   Code   RO         8567    i.__scatterload_copy  mc_p.l(handlers.o)
    0x10052326   0x10052326   0x00000002   Code   RO         8568    i.__scatterload_null  mc_p.l(handlers.o)
    0x10052328   0x10052328   0x0000000e   Code   RO         8569    i.__scatterload_zeroinit  mc_p.l(handlers.o)
    0x10052336   0x10052336   0x00000002   PAD
    0x10052338   0x10052338   0x00000428   Code   RO         8448    i._printf_core      mc_p.l(printf8.o)
    0x10052760   0x10052760   0x00000020   Code   RO         8449    i._printf_post_padding  mc_p.l(printf8.o)
    0x10052780   0x10052780   0x0000002c   Code   RO         8450    i._printf_pre_padding  mc_p.l(printf8.o)
    0x100527ac   0x100527ac   0x00000008   Code   RO          972    i.add_round_key     aes.o
    0x100527b4   0x100527b4   0x00000056   Code   RO          974    i.aes_encrypt       aes.o
    0x1005280a   0x1005280a   0x00000002   PAD
    0x1005280c   0x1005280c   0x000000e4   Code   RO          975    i.aes_set_key       aes.o
    0x100528f0   0x100528f0   0x000000c8   Code   RO         8206    i.ceil              m_ps.l(ceil.o)
    0x100529b8   0x100529b8   0x00000030   Code   RO          924    i.certif_DownLinkIncrement  lora-test.o
    0x100529e8   0x100529e8   0x00000014   Code   RO          925    i.certif_linkCheck  lora-test.o
    0x100529fc   0x100529fc   0x00000260   Code   RO          926    i.certif_rx         lora-test.o
    0x10052c5c   0x10052c5c   0x000000b4   Code   RO          927    i.certif_tx         lora-test.o
    0x10052d10   0x10052d10   0x00000084   Code   RO          976    i.copy_and_key      aes.o
    0x10052d94   0x10052d94   0x00000042   Code   RO          977    i.copy_block        aes.o
    0x10052dd6   0x10052dd6   0x00000016   Code   RO          978    i.copy_block_nn     aes.o
    0x10052dec   0x10052dec   0x000000c8   Code   RO         8210    i.floor             m_ps.l(floor.o)
    0x10052eb4   0x10052eb4   0x0000001c   Code   RO          296    i.fputc             uart.o
    0x10052ed0   0x10052ed0   0x0000000c   Code   RO          490    i.getRegion         lorawan_setup.o
    0x10052edc   0x10052edc   0x0000000c   Code   RO          928    i.get_certif_running  lora-test.o
    0x10052ee8   0x10052ee8   0x00000034   Code   RO          491    i.lorawan_send      lorawan_setup.o
    0x10052f1c   0x10052f1c   0x00000064   Code   RO            8    i.main              main.o
    0x10052f80   0x10052f80   0x00000016   Code   RO         5512    i.memcpy1           utils.o
    0x10052f96   0x10052f96   0x0000001a   Code   RO         5513    i.memcpyr           utils.o
    0x10052fb0   0x10052fb0   0x00000012   Code   RO         5514    i.memset1           utils.o
    0x10052fc2   0x10052fc2   0x00000002   PAD
    0x10052fc4   0x10052fc4   0x000001f8   Code   RO          979    i.mix_sub_columns   aes.o
    0x100531bc   0x100531bc   0x0000002c   Code   RO         5515    i.rand1             utils.o
    0x100531e8   0x100531e8   0x00000016   Code   RO         5516    i.randr             utils.o
    0x100531fe   0x100531fe   0x00000008   Code   RO         8213    i.rint              m_ps.l(rint.o)
    0x10053206   0x10053206   0x000000d4   Code   RO         7632    i.setInterruptPriority  system_bluenrg_lp.o
    0x100532da   0x100532da   0x00000002   PAD
    0x100532dc   0x100532dc   0x00000074   Code   RO          492    i.setRegion         lorawan_setup.o
    0x10053350   0x10053350   0x000000d4   Code   RO          493    i.set_certif_running  lorawan_setup.o
    0x10053424   0x10053424   0x00000068   Code   RO          980    i.shift_sub_rows    aes.o
    0x1005348c   0x1005348c   0x0000000c   Code   RO         5517    i.srand1            utils.o
    0x10053498   0x10053498   0x00000082   Code   RO          981    i.xor_block         aes.o
    0x1005351a   0x1005351a   0x00000018   Data   RO          358    .constdata          rtc.o
    0x10053532   0x10053532   0x00000300   Data   RO          982    .constdata          aes.o
    0x10053832   0x10053832   0x00000010   Data   RO         1271    .constdata          loramac.o
    0x10053842   0x10053842   0x00000003   Data   RO         1923    .constdata          loramaccommands.o
    0x10053845   0x10053845   0x00000003   PAD
    0x10053848   0x10053848   0x00000088   Data   RO         2605    .constdata          regionas923.o
    0x100538d0   0x100538d0   0x000000c4   Data   RO         2791    .constdata          regionau915.o
    0x10053994   0x10053994   0x0000003c   Data   RO         2975    .constdata          regioncn470.o
    0x100539d0   0x100539d0   0x00000090   Data   RO         3158    .constdata          regioncn779.o
    0x10053a60   0x10053a60   0x00000090   Data   RO         3456    .constdata          regioneu433.o
    0x10053af0   0x10053af0   0x000000e0   Data   RO         3639    .constdata          regioneu868.o
    0x10053bd0   0x10053bd0   0x00000084   Data   RO         4006    .constdata          regionkr920.o
    0x10053c54   0x10053c54   0x00000078   Data   RO         4193    .constdata          regionru864.o
    0x10053ccc   0x10053ccc   0x00000094   Data   RO         4378    .constdata          regionus915.o
    0x10053d60   0x10053d60   0x00000074   Data   RO         4575    .constdata          radio.o
    0x10053dd4   0x10053dd4   0x000000d4   Data   RO         4576    .constdata          radio.o
    0x10053ea8   0x10053ea8   0x00000180   Data   RO          846    .conststring        lora.o
    0x10054028   0x10054028   0x00000065   Data   RO         1272    .conststring        loramac.o
    0x1005408d   0x1005408d   0x00000003   PAD
    0x10054090   0x10054090   0x00000049   Data   RO         4577    .conststring        radio.o
    0x100540d9   0x100540d9   0x00000003   PAD
    0x100540dc   0x100540dc   0x00000030   Data   RO         8565    Region$$Table       anon$$obj.o


    Execution Region REGION_FLASH_NVM (Exec base: 0x1007f000, Load base: 0x1005410c, Size: 0x00001000, Max: 0x00001000, ABSOLUTE, UNINIT)

    Exec Addr    Load Addr    Size         Type   Attr      Idx    E Section Name        Object

    0x1007f000        -       0x00001000   Zero   RW            1    REGION_FLASH_NVM.bss  anon$$obj.o


    Execution Region ram_vr_block (Exec base: 0x20000004, Load base: 0x1005410c, Size: 0x0000002c, Max: 0x0000002c, ABSOLUTE, UNINIT)

    Exec Addr    Load Addr    Size         Type   Attr      Idx    E Section Name        Object

    0x20000004        -       0x0000002c   Zero   RW         7636    .ram_vr             system_bluenrg_lp.o


    Execution Region crash_info_ram_vr_block (Exec base: 0x20000034, Load base: 0x1005410c, Size: 0x00000000, Max: 0x00000028, ABSOLUTE, UNINIT)

    **** No section assigned to this execution region ****


    Execution Region BLUE (Exec base: 0x200000c0, Load base: 0x1005410c, Size: 0x0000029c, Max: 0xffffffff, ABSOLUTE, COMPRESSED[0x00000008])

    Exec Addr    Load Addr    Size         Type   Attr      Idx    E Section Name        Object

    0x200000c0   COMPRESSED   0x0000029c   Data   RW         7633    .bss.__blue_RAM     system_bluenrg_lp.o


    Execution Region REGION_RAM1 (Exec base: 0x2000035c, Load base: 0x10054114, Size: 0x000022d0, Max: 0xffffffff, ABSOLUTE, COMPRESSED[0x000000d0])

    Exec Addr    Load Addr    Size         Type   Attr      Idx    E Section Name        Object

    0x2000035c   COMPRESSED   0x00000070   Data   RW          496    .data               lorawan_setup.o
    0x200003cc   COMPRESSED   0x00000008   Data   RW          582    .data               bluenrg_lp_it.o
    0x200003d4   COMPRESSED   0x00000010   Data   RW          684    .data               gpio.o
    0x200003e4   COMPRESSED   0x0000000e   Data   RW          764    .data               ht_push_button.o
    0x200003f2   COMPRESSED   0x00000002   PAD
    0x200003f4   COMPRESSED   0x0000007c   Data   RW          847    .data               lora.o
    0x20000470   COMPRESSED   0x00000008   Data   RW          930    .data               lora-test.o
    0x20000478   COMPRESSED   0x00000004   Data   RW         1095    .data               soft-se.o
    0x2000047c   COMPRESSED   0x0000000c   Data   RW         1273    .data               loramac.o
    0x20000488   COMPRESSED   0x00000004   Data   RW         1924    .data               loramaccommands.o
    0x2000048c   COMPRESSED   0x00000014   Data   RW         2176    .data               loramaccrypto.o
    0x200004a0   COMPRESSED   0x00000001   Data   RW         2792    .data               regionau915.o
    0x200004a1   COMPRESSED   0x00000007   PAD
    0x200004a8   COMPRESSED   0x000000a8   Data   RW         4578    .data               radio.o
    0x20000550   COMPRESSED   0x00000008   Data   RW         4815    .data               sx126x.o
    0x20000558   COMPRESSED   0x00000004   Data   RW         5404    .data               timeserver.o
    0x2000055c   COMPRESSED   0x00000004   Data   RW         5518    .data               utils.o
    0x20000560   COMPRESSED   0x0000000c   Data   RW         5606    .data               rf_driver_hal.o
    0x2000056c   COMPRESSED   0x00000008   Data   RW         7379    .data               rf_driver_hal_power_manager.o
    0x20000574   COMPRESSED   0x00000004   Data   RW         7634    .data               system_bluenrg_lp.o
    0x20000578   COMPRESSED   0x00000004   Data   RW         8545    .data               mc_p.l(stdout.o)
    0x2000057c        -       0x00000064   Zero   RW          255    .bss                spi.o
    0x200005e0        -       0x0000008c   Zero   RW          297    .bss                uart.o
    0x2000066c        -       0x00000060   Zero   RW          357    .bss                rtc.o
    0x200006cc        -       0x00000040   Zero   RW          494    .bss                lorawan_setup.o
    0x2000070c        -       0x00000018   Zero   RW          495    .bss                lorawan_setup.o
    0x20000724        -       0x0000000c   Zero   RW          763    .bss                ht_push_button.o
    0x20000730        -       0x0000004c   Zero   RW          842    .bss                lora.o
    0x2000077c        -       0x00000062   Zero   RW          929    .bss                lora-test.o
    0x200007de   COMPRESSED   0x00000002   PAD
    0x200007e0        -       0x000003a4   Zero   RW         1094    .bss                soft-se.o
    0x20000b84        -       0x000006b4   Zero   RW         1270    .bss                loramac.o
    0x20001238        -       0x000000fc   Zero   RW         1922    .bss                loramaccommands.o
    0x20001334        -       0x0000002c   Zero   RW         2049    .bss                loramacconfirmqueue.o
    0x20001360        -       0x00000040   Zero   RW         2175    .bss                loramaccrypto.o
    0x200013a0        -       0x000000d4   Zero   RW         2604    .bss                regionas923.o
    0x20001474        -       0x00000394   Zero   RW         2790    .bss                regionau915.o
    0x20001808        -       0x000004a8   Zero   RW         2974    .bss                regioncn470.o
    0x20001cb0        -       0x000000d4   Zero   RW         3157    .bss                regioncn779.o
    0x20001d84        -       0x000000d4   Zero   RW         3455    .bss                regioneu433.o
    0x20001e58        -       0x00000124   Zero   RW         3638    .bss                regioneu868.o
    0x20001f7c        -       0x000000d4   Zero   RW         4005    .bss                regionkr920.o
    0x20002050        -       0x00000074   Zero   RW         4192    .bss                regionru864.o
    0x200020c4        -       0x00000398   Zero   RW         4377    .bss                regionus915.o
    0x2000245c        -       0x00000180   Zero   RW         4574    .bss                radio.o
    0x200025dc        -       0x00000050   Zero   RW         7378    .bss                rf_driver_hal_power_manager.o


    Execution Region REGION_RAM2 (Exec base: 0x2000262c, Load base: 0x100541e4, Size: 0x00000000, Max: 0xffffffff, ABSOLUTE, UNINIT)

    **** No section assigned to this execution region ****


    Execution Region ARM_LIB_STACK (Exec base: 0x2000f400, Load base: 0x100541e4, Size: 0x00000c00, Max: 0x00000c00, ABSOLUTE)

    Exec Addr    Load Addr    Size         Type   Attr      Idx    E Section Name        Object

    0x2000f400        -       0x00000c00   Zero   RW            3    ARM_LIB_STACK.bss   anon$$obj.o


==============================================================================

Image component sizes


      Code (inc. data)   RO Data    RW Data    ZI Data      Debug   Object Name

      1280         14        768          0          0      17712   aes.o
       152         38          0          8          0       5334   bluenrg_lp_it.o
       562          0          0          0          0       5049   cmac.o
       104         10          0          0          0        596   context_switch.o
       654         44          0         16          0      17083   gpio.o
       118         14          0          0          0       6689   hal_wrappers.o
       464        190          0         14         12       6577   ht_push_button.o
       928        186          0          8         98       6287   lora-test.o
      1484        232        384        124         76       9849   lora.o
     12618       1384        117         12       1716      89760   loramac.o
       234         22          0          0          0       8989   loramacadr.o
        90          0          0          0          0      22727   loramacclassb.o
       792         78          3          4        252      16147   loramaccommands.o
       504         58          0          0         44      12225   loramacconfirmqueue.o
      2262        118          0         20         64      26234   loramaccrypto.o
       338          0          0          0          0       2414   loramacparser.o
       332          0          0          0          0       2483   loramacserializer.o
       726        330          0        112         88       7656   lorawan_setup.o
       128         48          0          0          0     572906   main.o
       176          2          0          0          0        592   osal_memcpy.o
      2904        530        401        168        384      27147   radio.o
      2552        342          0          0          0      43555   region.o
      3190        350        136          0        212      30114   regionas923.o
      2944        350        196          1        916      26306   regionau915.o
      2416        388         60          0       1192      25018   regioncn470.o
      2988        342        144          0        212      27806   regioncn779.o
      1146         96          0          0          0      15612   regioncommon.o
      2984        340        144          0        212      27782   regioneu433.o
      3072        372        224          0        292      28302   regioneu868.o
      2976        334        132          0        212      28670   regionkr920.o
      2924        334        120          0        116      27642   regionru864.o
      3216        372        148          0        920      28410   regionus915.o
       170         20          0         12          0       4533   rf_driver_hal.o
       214         36          0          0          0      15490   rf_driver_hal_cortex.o
        76          0          0          0          0       1255   rf_driver_hal_dma.o
       278          0          0          0          0      10224   rf_driver_hal_exti.o
         0          0          0          0          0       3520   rf_driver_hal_flash_ex.o
       518          4          0          0          0      12767   rf_driver_hal_gpio.o
      3044        286          0          8         80      53569   rf_driver_hal_power_manager.o
        12          6          0          0          0        634   rf_driver_hal_rcc.o
      1330         22          0          0          0      10434   rf_driver_hal_rtc.o
        24          0          0          0          0       2003   rf_driver_hal_rtc_ex.o
      1770          8          0          0          0       9266   rf_driver_hal_spi.o
      1498         30          0          0          0       7417   rf_driver_hal_uart.o
       316         18          0          0          0       4177   rf_driver_hal_uart_ex.o
      1096        190         24          0         96      16363   rtc.o
       878         58          0          4        932      17951   soft-se.o
       212         44          0          0        100       4789   spi.o
       736         22          0          0          0      14234   sx1262_interface.o
      1852        138          0          8          0      28144   sx126x.o
      2060        184        192        672         44      69972   system_bluenrg_lp.o
       248          0          0          0          0       6696   systime.o
       628         48          0          4          0       9491   timeserver.o
       368        166          0          0        140       2546   uart.o
       240         34          0          4          0       6877   utils.o

    ----------------------------------------------------------------------
     74962       8232       3250       1208      21724    1486025   Object Totals
         0          0         48          0      13312          0   (incl. Generated)
       136          0          9          9          2          0   (incl. Padding)

    ----------------------------------------------------------------------

      Code (inc. data)   RO Data    RW Data    ZI Data      Debug   Library Member Name

       200         20          0          0          0         76   ceil.o
       200         20          0          0          0         76   floor.o
         8          0          0          0          0         68   rint.o
        86          0          0          0          0          0   __dczerorl2.o
         0          0          0          0          0          0   entry.o
         0          0          0          0          0          0   entry10a.o
         0          0          0          0          0          0   entry11a.o
         8          4          0          0          0          0   entry4.o
         4          0          0          0          0          0   entry5.o
         0          0          0          0          0          0   entry7b.o
         0          0          0          0          0          0   entry8b.o
         8          4          0          0          0          0   entry9a.o
        30          0          0          0          0          0   handlers.o
        40          0          0          0          0         72   idiv.o
        36          8          0          0          0         68   init.o
         0          0          0          0          0          0   iusefp.o
        32          0          0          0          0         68   llshl.o
        38          0          0          0          0         68   llsshr.o
        34          0          0          0          0         68   llushr.o
        36          0          0          0          0         60   memcpya.o
        36          0          0          0          0        100   memseta.o
      1172         52          0          0          0        324   printf8.o
         0          0          0          4          0          0   stdout.o
        14          0          0          0          0         60   strlen.o
        44          0          0          0          0         72   uidiv.o
        96          0          0          0          0         84   uldiv.o
        40          2          0          0          0         68   cdrcmple.o
        20          0          0          0          0         68   cfcmple.o
       356          4          0          0          0        140   dadd.o
       240          6          0          0          0         84   ddiv.o
       236          0          0          0          0        216   depilogue.o
        72         10          0          0          0         72   dfixi.o
        60         10          0          0          0         68   dfixui.o
        40          6          0          0          0         68   dflti.o
        28          4          0          0          0         68   dfltui.o
       208          6          0          0          0         88   dmul.o
       124         10          0          0          0         76   drnd.o
        44          0          0          0          0         72   dscalb.o
        40          0          0          0          0         60   f2d.o
       178          0          0          0          0        108   fadd.o
       130          0          0          0          0        144   fepilogue.o
        22          0          0          0          0         68   fflti.o
        14          0          0          0          0         68   ffltui.o

    ----------------------------------------------------------------------
      3976        166          0          4          0       2800   Library Totals
         2          0          0          0          0          0   (incl. Padding)

    ----------------------------------------------------------------------

      Code (inc. data)   RO Data    RW Data    ZI Data      Debug   Library Name

       408         40          0          0          0        220   m_ps.l
      1714         68          0          4          0       1044   mc_p.l
      1852         58          0          0          0       1536   mf_p.l

    ----------------------------------------------------------------------
      3976        166          0          4          0       2800   Library Totals

    ----------------------------------------------------------------------

==============================================================================


      Code (inc. data)   RO Data    RW Data    ZI Data      Debug   

     78938       8398       3250       1212      21724    1453033   Grand Totals
     78938       8398       3250        216      21724    1453033   ELF Image Totals (compressed)
     78938       8398       3250        216          0          0   ROM Totals

==============================================================================

    Total RO  Size (Code + RO Data)                82188 (  80.26kB)
    Total RW  Size (RW Data + ZI Data)             22936 (  22.40kB)
    Total ROM Size (Code + RO Data + RW Data)      82404 (  80.47kB)

==============================================================================

